Archive member included to satisfy reference by file (symbol)

c:/program files (x86)/atmel/studio/7.0/toolchain/arm/arm-gnu-toolchain/bin/../lib/gcc/arm-none-eabi/6.3.1/../../../../arm-none-eabi/lib/thumb/v7e-m\libc.a(lib_a-exit.o)
                              c:/program files (x86)/atmel/studio/7.0/toolchain/arm/arm-gnu-toolchain/bin/../lib/gcc/arm-none-eabi/6.3.1/../../../../arm-none-eabi/lib/thumb/v7e-m/crt0.o (exit)
c:/program files (x86)/atmel/studio/7.0/toolchain/arm/arm-gnu-toolchain/bin/../lib/gcc/arm-none-eabi/6.3.1/../../../../arm-none-eabi/lib/thumb/v7e-m\libc.a(lib_a-impure.o)
                              c:/program files (x86)/atmel/studio/7.0/toolchain/arm/arm-gnu-toolchain/bin/../lib/gcc/arm-none-eabi/6.3.1/../../../../arm-none-eabi/lib/thumb/v7e-m\libc.a(lib_a-exit.o) (_global_impure_ptr)
c:/program files (x86)/atmel/studio/7.0/toolchain/arm/arm-gnu-toolchain/bin/../lib/gcc/arm-none-eabi/6.3.1/../../../../arm-none-eabi/lib/thumb/v7e-m\libc.a(lib_a-init.o)
                              c:/program files (x86)/atmel/studio/7.0/toolchain/arm/arm-gnu-toolchain/bin/../lib/gcc/arm-none-eabi/6.3.1/../../../../arm-none-eabi/lib/thumb/v7e-m/crt0.o (__libc_init_array)
c:/program files (x86)/atmel/studio/7.0/toolchain/arm/arm-gnu-toolchain/bin/../lib/gcc/arm-none-eabi/6.3.1/../../../../arm-none-eabi/lib/thumb/v7e-m\libc.a(lib_a-memset.o)
                              c:/program files (x86)/atmel/studio/7.0/toolchain/arm/arm-gnu-toolchain/bin/../lib/gcc/arm-none-eabi/6.3.1/../../../../arm-none-eabi/lib/thumb/v7e-m/crt0.o (memset)
c:/program files (x86)/atmel/studio/7.0/toolchain/arm/arm-gnu-toolchain/bin/../lib/gcc/arm-none-eabi/6.3.1/../../../../arm-none-eabi/lib/thumb/v7e-m\libc.a(lib_a-__call_atexit.o)
                              c:/program files (x86)/atmel/studio/7.0/toolchain/arm/arm-gnu-toolchain/bin/../lib/gcc/arm-none-eabi/6.3.1/../../../../arm-none-eabi/lib/thumb/v7e-m\libc.a(lib_a-exit.o) (__call_exitprocs)
c:/program files (x86)/atmel/studio/7.0/toolchain/arm/arm-gnu-toolchain/bin/../lib/gcc/arm-none-eabi/6.3.1/../../../../arm-none-eabi/lib/thumb/v7e-m\libc.a(lib_a-atexit.o)
                              c:/program files (x86)/atmel/studio/7.0/toolchain/arm/arm-gnu-toolchain/bin/../lib/gcc/arm-none-eabi/6.3.1/../../../../arm-none-eabi/lib/thumb/v7e-m\libc.a(lib_a-__call_atexit.o) (atexit)
c:/program files (x86)/atmel/studio/7.0/toolchain/arm/arm-gnu-toolchain/bin/../lib/gcc/arm-none-eabi/6.3.1/../../../../arm-none-eabi/lib/thumb/v7e-m\libc.a(lib_a-fini.o)
                              c:/program files (x86)/atmel/studio/7.0/toolchain/arm/arm-gnu-toolchain/bin/../lib/gcc/arm-none-eabi/6.3.1/../../../../arm-none-eabi/lib/thumb/v7e-m\libc.a(lib_a-__call_atexit.o) (__libc_fini_array)
c:/program files (x86)/atmel/studio/7.0/toolchain/arm/arm-gnu-toolchain/bin/../lib/gcc/arm-none-eabi/6.3.1/../../../../arm-none-eabi/lib/thumb/v7e-m\libc.a(lib_a-lock.o)
                              c:/program files (x86)/atmel/studio/7.0/toolchain/arm/arm-gnu-toolchain/bin/../lib/gcc/arm-none-eabi/6.3.1/../../../../arm-none-eabi/lib/thumb/v7e-m\libc.a(lib_a-__call_atexit.o) (__retarget_lock_acquire_recursive)
c:/program files (x86)/atmel/studio/7.0/toolchain/arm/arm-gnu-toolchain/bin/../lib/gcc/arm-none-eabi/6.3.1/../../../../arm-none-eabi/lib/thumb/v7e-m\libc.a(lib_a-__atexit.o)
                              c:/program files (x86)/atmel/studio/7.0/toolchain/arm/arm-gnu-toolchain/bin/../lib/gcc/arm-none-eabi/6.3.1/../../../../arm-none-eabi/lib/thumb/v7e-m\libc.a(lib_a-atexit.o) (__register_exitproc)

Allocating common symbols
Common symbol       size              file

__lock___atexit_recursive_mutex
                    0x1               c:/program files (x86)/atmel/studio/7.0/toolchain/arm/arm-gnu-toolchain/bin/../lib/gcc/arm-none-eabi/6.3.1/../../../../arm-none-eabi/lib/thumb/v7e-m\libc.a(lib_a-lock.o)
__lock___arc4random_mutex
                    0x1               c:/program files (x86)/atmel/studio/7.0/toolchain/arm/arm-gnu-toolchain/bin/../lib/gcc/arm-none-eabi/6.3.1/../../../../arm-none-eabi/lib/thumb/v7e-m\libc.a(lib_a-lock.o)
ast_callback_pointer
                    0x14              src/ASF/sam/drivers/ast/ast.o
__lock___env_recursive_mutex
                    0x1               c:/program files (x86)/atmel/studio/7.0/toolchain/arm/arm-gnu-toolchain/bin/../lib/gcc/arm-none-eabi/6.3.1/../../../../arm-none-eabi/lib/thumb/v7e-m\libc.a(lib_a-lock.o)
__lock___sinit_recursive_mutex
                    0x1               c:/program files (x86)/atmel/studio/7.0/toolchain/arm/arm-gnu-toolchain/bin/../lib/gcc/arm-none-eabi/6.3.1/../../../../arm-none-eabi/lib/thumb/v7e-m\libc.a(lib_a-lock.o)
__lock___malloc_recursive_mutex
                    0x1               c:/program files (x86)/atmel/studio/7.0/toolchain/arm/arm-gnu-toolchain/bin/../lib/gcc/arm-none-eabi/6.3.1/../../../../arm-none-eabi/lib/thumb/v7e-m\libc.a(lib_a-lock.o)
sleepmgr_locks      0x8               src/ASF/common/services/sleepmgr/sam4l/sleepmgr.o
[...]
Memory Configuration

Name             Origin             Length             Attributes
rom              0x00000000         0x00020000         xr
ram              0x20000000         0x00008000         xrw
*default*        0x00000000         0xffffffff

Linker script and memory map

LOAD c:/program files (x86)/atmel/studio/7.0/toolchain/arm/arm-gnu-toolchain/bin/../lib/gcc/arm-none-eabi/6.3.1/thumb/v7e-m/crti.o
LOAD c:/program files (x86)/atmel/studio/7.0/toolchain/arm/arm-gnu-toolchain/bin/../lib/gcc/arm-none-eabi/6.3.1/thumb/v7e-m/crtbegin.o
LOAD c:/program files (x86)/atmel/studio/7.0/toolchain/arm/arm-gnu-toolchain/bin/../lib/gcc/arm-none-eabi/6.3.1/../../../../arm-none-eabi/lib/thumb/v7e-m/crt0.o
LOAD src/ASF/common/services/delay/sam/cycle_counter.o
LOAD src/ASF/common/services/sleepmgr/sam4l/sleepmgr.o
LOAD src/ASF/sam/drivers/gpio/gpio.o
LOAD src/ASF/common/services/clock/sam4l/dfll.o
LOAD src/ASF/common/services/clock/sam4l/osc.o
LOAD src/ASF/common/services/clock/sam4l/pll.o
LOAD src/ASF/common/services/clock/sam4l/sysclk.o
LOAD src/ASF/sam/drivers/ast/ast.o
LOAD src/ASF/sam/drivers/bpm/bpm.o
LOAD src/ASF/sam/drivers/flashcalw/flashcalw.o
LOAD src/ASF/common/boards/user_board/init.o
LOAD src/ASF/common/utils/interrupt/interrupt_sam_nvic.o
LOAD src/ASF/sam/utils/cmsis/sam4l/source/templates/exceptions.o
LOAD src/ASF/sam/utils/cmsis/sam4l/source/templates/gcc/startup_sam4l.o
LOAD src/ASF/sam/utils/cmsis/sam4l/source/templates/system_sam4l.o
LOAD src/ASF/sam/utils/syscalls/gcc/syscalls.o
LOAD src/main.o
START GROUP
LOAD ../src/ASF/thirdparty/CMSIS/Lib/GCC\libarm_cortexM4l_math.a
LOAD c:/program files (x86)/atmel/studio/7.0/toolchain/arm/arm-gnu-toolchain/bin/../lib/gcc/arm-none-eabi/6.3.1/../../../../arm-none-eabi/lib/thumb/v7e-m\libm.a
END GROUP
START GROUP
LOAD c:/program files (x86)/atmel/studio/7.0/toolchain/arm/arm-gnu-toolchain/bin/../lib/gcc/arm-none-eabi/6.3.1/thumb/v7e-m\libgcc.a
LOAD c:/program files (x86)/atmel/studio/7.0/toolchain/arm/arm-gnu-toolchain/bin/../lib/gcc/arm-none-eabi/6.3.1/../../../../arm-none-eabi/lib/thumb/v7e-m\libc.a
END GROUP
LOAD c:/program files (x86)/atmel/studio/7.0/toolchain/arm/arm-gnu-toolchain/bin/../lib/gcc/arm-none-eabi/6.3.1/thumb/v7e-m/crtend.o
LOAD c:/program files (x86)/atmel/studio/7.0/toolchain/arm/arm-gnu-toolchain/bin/../lib/gcc/arm-none-eabi/6.3.1/thumb/v7e-m/crtn.o
                0x00001000                __stack_size__ = DEFINED (__stack_size__)?__stack_size__:0x1000
                0x20007ffc                __ram_end__ = ((ORIGIN (ram) + LENGTH (ram)) - 0x4)

.text           0x00000000      0xa7c
                0x00000000                . = ALIGN (0x4)
                0x00000000                _sfixed = .
 *(.vectors .vectors.*)
 .vectors       0x00000000      0x180 src/ASF/sam/utils/cmsis/sam4l/source/templates/gcc/startup_sam4l.o
                0x00000000                exception_table
 *(.text .text.* .gnu.linkonce.t.*)
 .text          0x00000180       0x6c c:/program files (x86)/atmel/studio/7.0/toolchain/arm/arm-gnu-toolchain/bin/../lib/gcc/arm-none-eabi/6.3.1/thumb/v7e-m/crtbegin.o
 .text.gpio_common_handler
                0x000001ec       0x74 src/ASF/sam/drivers/gpio/gpio.o
 .text.GPIO_0_Handler
                0x00000260       0x10 src/ASF/sam/drivers/gpio/gpio.o
                0x00000260                GPIO_0_Handler
 .text.GPIO_1_Handler
                0x00000270       0x14 src/ASF/sam/drivers/gpio/gpio.o
                0x00000270                GPIO_1_Handler
 .text.GPIO_2_Handler
                0x00000284       0x14 src/ASF/sam/drivers/gpio/gpio.o
                0x00000284                GPIO_2_Handler
 .text.GPIO_3_Handler
                0x00000298       0x14 src/ASF/sam/drivers/gpio/gpio.o
                0x00000298                GPIO_3_Handler
 .text.GPIO_4_Handler
                0x000002ac       0x10 src/ASF/sam/drivers/gpio/gpio.o
                0x000002ac                GPIO_4_Handler
 .text.GPIO_5_Handler
                0x000002bc       0x14 src/ASF/sam/drivers/gpio/gpio.o
                0x000002bc                GPIO_5_Handler
 .text.GPIO_6_Handler
                0x000002d0       0x14 src/ASF/sam/drivers/gpio/gpio.o
                0x000002d0                GPIO_6_Handler
 .text.GPIO_7_Handler
                0x000002e4       0x14 src/ASF/sam/drivers/gpio/gpio.o
                0x000002e4                GPIO_7_Handler
 .text.GPIO_8_Handler
                0x000002f8       0x10 src/ASF/sam/drivers/gpio/gpio.o
                0x000002f8                GPIO_8_Handler
 .text.GPIO_9_Handler
                0x00000308       0x14 src/ASF/sam/drivers/gpio/gpio.o
                0x00000308                GPIO_9_Handler
 .text.GPIO_10_Handler
                0x0000031c       0x14 src/ASF/sam/drivers/gpio/gpio.o
                0x0000031c                GPIO_10_Handler
 .text.GPIO_11_Handler
                0x00000330       0x14 src/ASF/sam/drivers/gpio/gpio.o
                0x00000330                GPIO_11_Handler
 .text.sysclk_priv_enable_module
                0x00000344       0x60 src/ASF/common/services/clock/sam4l/sysclk.o
                0x00000344                sysclk_priv_enable_module
 .text.sysclk_enable_pba_module
                0x000003a4       0x58 src/ASF/common/services/clock/sam4l/sysclk.o
                0x000003a4                sysclk_enable_pba_module
 .text.sysclk_enable_pbb_module
                0x000003fc       0x58 src/ASF/common/services/clock/sam4l/sysclk.o
                0x000003fc                sysclk_enable_pbb_module
 .text.sysclk_enable_peripheral_clock
                0x00000454      0x3cc src/ASF/common/services/clock/sam4l/sysclk.o
                0x00000454                sysclk_enable_peripheral_clock
 .text.AST_ALARM_Handler
                0x00000820       0x10 src/ASF/sam/drivers/ast/ast.o
                0x00000820                AST_ALARM_Handler
 .text.board_init
                0x00000830        0x2 src/ASF/common/boards/user_board/init.o
                0x00000830                board_init
 .text.Dummy_Handler
                0x00000832        0x2 src/ASF/sam/utils/cmsis/sam4l/source/templates/exceptions.o
                0x00000832                EIC_5_Handler
                0x00000832                DACC_Handler
                0x00000832                DebugMon_Handler
                0x00000832                TRNG_Handler
                0x00000832                HardFault_Handler
                0x00000832                SPI_Handler
                0x00000832                EIC_4_Handler
                0x00000832                SysTick_Handler
                0x00000832                PDCA_10_Handler
                0x00000832                USART3_Handler
                0x00000832                AST_PER_Handler
                0x00000832                AST_CLKREADY_Handler
                0x00000832                AST_OVF_Handler
                0x00000832                PDCA_5_Handler
                0x00000832                PendSV_Handler
                0x00000832                NMI_Handler
                0x00000832                SCIF_Handler
                0x00000832                PDCA_15_Handler
                0x00000832                CRCCU_Handler
                0x00000832                USART0_Handler
                0x00000832                EIC_3_Handler
                0x00000832                TWIM3_Handler
                0x00000832                UsageFault_Handler
                0x00000832                PDCA_0_Handler
                0x00000832                TC12_Handler
                0x00000832                PDCA_14_Handler
                0x00000832                BPM_Handler
                0x00000832                PARC_Handler
                0x00000832                WDT_Handler
                0x00000832                EIC_8_Handler
                0x00000832                TWIS0_Handler
                0x00000832                PDCA_8_Handler
                0x00000832                TWIS1_Handler
                0x00000832                TWIM2_Handler
                0x00000832                AESA_Handler
                0x00000832                PDCA_13_Handler
                0x00000832                Dummy_Handler
                0x00000832                PDCA_3_Handler
                0x00000832                ABDACB_Handler
                0x00000832                CATB_Handler
                0x00000832                LCDCA_Handler
                0x00000832                USART1_Handler
                0x00000832                AST_READY_Handler
                0x00000832                PDCA_2_Handler
                0x00000832                TWIM0_Handler
                0x00000832                PM_Handler
                0x00000832                TC11_Handler
                0x00000832                PDCA_1_Handler
                0x00000832                PDCA_11_Handler
                0x00000832                ACIFC_Handler
                0x00000832                TC00_Handler
                0x00000832                TC02_Handler
                0x00000832                PDCA_6_Handler
                0x00000832                MemManage_Handler
                0x00000832                SVC_Handler
                0x00000832                PDCA_12_Handler
                0x00000832                PDCA_9_Handler
                0x00000832                ADCIFE_Handler
                0x00000832                EIC_2_Handler
                0x00000832                PDCA_7_Handler
                0x00000832                PEVC_TR_Handler
                0x00000832                USART2_Handler
                0x00000832                EIC_6_Handler
                0x00000832                TC10_Handler
                0x00000832                TWIM1_Handler
                0x00000832                EIC_1_Handler
                0x00000832                EIC_7_Handler
                0x00000832                HFLASHC_Handler
                0x00000832                TC01_Handler
                0x00000832                BSCIF_Handler
                0x00000832                USBC_Handler
                0x00000832                IISC_Handler
                0x00000832                BusFault_Handler
                0x00000832                FREQM_Handler
                0x00000832                PDCA_4_Handler
                0x00000832                PEVC_OV_Handler
 .text.Reset_Handler
                0x00000834       0x84 src/ASF/sam/utils/cmsis/sam4l/source/templates/gcc/startup_sam4l.o
                0x00000834                Reset_Handler
 .text.main     0x000008b8       0x2c src/main.o
                0x000008b8                main
 .text.__libc_init_array
                0x000008e4       0x50 c:/program files (x86)/atmel/studio/7.0/toolchain/arm/arm-gnu-toolchain/bin/../lib/gcc/arm-none-eabi/6.3.1/../../../../arm-none-eabi/lib/thumb/v7e-m\libc.a(lib_a-init.o)
                0x000008e4                __libc_init_array
 .text.startup.register_fini
                0x00000934       0x14 c:/program files (x86)/atmel/studio/7.0/toolchain/arm/arm-gnu-toolchain/bin/../lib/gcc/arm-none-eabi/6.3.1/../../../../arm-none-eabi/lib/thumb/v7e-m\libc.a(lib_a-__call_atexit.o)
 .text.atexit   0x00000948        0xc c:/program files (x86)/atmel/studio/7.0/toolchain/arm/arm-gnu-toolchain/bin/../lib/gcc/arm-none-eabi/6.3.1/../../../../arm-none-eabi/lib/thumb/v7e-m\libc.a(lib_a-atexit.o)
                0x00000948                atexit
 .text.__libc_fini_array
                0x00000954       0x34 c:/program files (x86)/atmel/studio/7.0/toolchain/arm/arm-gnu-toolchain/bin/../lib/gcc/arm-none-eabi/6.3.1/../../../../arm-none-eabi/lib/thumb/v7e-m\libc.a(lib_a-fini.o)
                0x00000954                __libc_fini_array
 .text.__retarget_lock_acquire_recursive
                0x00000988        0x4 c:/program files (x86)/atmel/studio/7.0/toolchain/arm/arm-gnu-toolchain/bin/../lib/gcc/arm-none-eabi/6.3.1/../../../../arm-none-eabi/lib/thumb/v7e-m\libc.a(lib_a-lock.o)
                0x00000988                __retarget_lock_acquire_recursive
 .text.__retarget_lock_release_recursive
                0x0000098c        0x4 c:/program files (x86)/atmel/studio/7.0/toolchain/arm/arm-gnu-toolchain/bin/../lib/gcc/arm-none-eabi/6.3.1/../../../../arm-none-eabi/lib/thumb/v7e-m\libc.a(lib_a-lock.o)
                0x0000098c                __retarget_lock_release_recursive
 .text.__register_exitproc
                0x00000990       0xc4 c:/program files (x86)/atmel/studio/7.0/toolchain/arm/arm-gnu-toolchain/bin/../lib/gcc/arm-none-eabi/6.3.1/../../../../arm-none-eabi/lib/thumb/v7e-m\libc.a(lib_a-__atexit.o)
                0x00000990                __register_exitproc
 *(.glue_7t)
 .glue_7t       0x00000a54        0x0 linker stubs
 *(.glue_7)
 .glue_7        0x00000a54        0x0 linker stubs
 *(.rodata .rodata* .gnu.linkonce.r.*)
 .rodata._global_impure_ptr
                0x00000a54        0x4 c:/program files (x86)/atmel/studio/7.0/toolchain/arm/arm-gnu-toolchain/bin/../lib/gcc/arm-none-eabi/6.3.1/../../../../arm-none-eabi/lib/thumb/v7e-m\libc.a(lib_a-impure.o)
                0x00000a54                _global_impure_ptr
 *(.ARM.extab* .gnu.linkonce.armextab.*)
                0x00000a58                . = ALIGN (0x4)
 *(.init)
 .init          0x00000a58        0x4 c:/program files (x86)/atmel/studio/7.0/toolchain/arm/arm-gnu-toolchain/bin/../lib/gcc/arm-none-eabi/6.3.1/thumb/v7e-m/crti.o
                0x00000a58                _init
 .init          0x00000a5c        0x8 c:/program files (x86)/atmel/studio/7.0/toolchain/arm/arm-gnu-toolchain/bin/../lib/gcc/arm-none-eabi/6.3.1/thumb/v7e-m/crtn.o
                0x00000a64                . = ALIGN (0x4)
                0x00000a64                __preinit_array_start = .
 *(.preinit_array)
                0x00000a64                __preinit_array_end = .
                0x00000a64                . = ALIGN (0x4)
                0x00000a64                __init_array_start = .
 *(SORT(.init_array.*))
 .init_array.00000
                0x00000a64        0x4 c:/program files (x86)/atmel/studio/7.0/toolchain/arm/arm-gnu-toolchain/bin/../lib/gcc/arm-none-eabi/6.3.1/../../../../arm-none-eabi/lib/thumb/v7e-m\libc.a(lib_a-__call_atexit.o)
 *(.init_array)
 .init_array    0x00000a68        0x4 c:/program files (x86)/atmel/studio/7.0/toolchain/arm/arm-gnu-toolchain/bin/../lib/gcc/arm-none-eabi/6.3.1/thumb/v7e-m/crtbegin.o
                0x00000a6c                __init_array_end = .
                0x00000a6c                . = ALIGN (0x4)
 *crtbegin.o(.ctors)
 *(EXCLUDE_FILE(*crtend.o) .ctors)
 *(SORT(.ctors.*))
 *crtend.o(.ctors)
                0x00000a6c                . = ALIGN (0x4)
 *(.fini)
 .fini          0x00000a6c        0x4 c:/program files (x86)/atmel/studio/7.0/toolchain/arm/arm-gnu-toolchain/bin/../lib/gcc/arm-none-eabi/6.3.1/thumb/v7e-m/crti.o
                0x00000a6c                _fini
 .fini          0x00000a70        0x8 c:/program files (x86)/atmel/studio/7.0/toolchain/arm/arm-gnu-toolchain/bin/../lib/gcc/arm-none-eabi/6.3.1/thumb/v7e-m/crtn.o
                0x00000a78                . = ALIGN (0x4)
                0x00000a78                __fini_array_start = .
 *(.fini_array)
 .fini_array    0x00000a78        0x4 c:/program files (x86)/atmel/studio/7.0/toolchain/arm/arm-gnu-toolchain/bin/../lib/gcc/arm-none-eabi/6.3.1/thumb/v7e-m/crtbegin.o
 *(SORT(.fini_array.*))
                0x00000a7c                __fini_array_end = .
 *crtbegin.o(.dtors)
 *(EXCLUDE_FILE(*crtend.o) .dtors)
 *(SORT(.dtors.*))
 *crtend.o(.dtors)
                0x00000a7c                . = ALIGN (0x4)
                0x00000a7c                _efixed = .
                [!provide]                PROVIDE (__exidx_start, .)

.vfp11_veneer   0x00000a7c        0x0
 .vfp11_veneer  0x00000a7c        0x0 linker stubs

.v4_bx          0x00000a7c        0x0
 .v4_bx         0x00000a7c        0x0 linker stubs

.iplt           0x00000a7c        0x0
 .iplt          0x00000a7c        0x0 c:/program files (x86)/atmel/studio/7.0/toolchain/arm/arm-gnu-toolchain/bin/../lib/gcc/arm-none-eabi/6.3.1/thumb/v7e-m/crtbegin.o

.eh_frame       0x00000a7c        0x0
 .eh_frame      0x00000a7c        0x0 c:/program files (x86)/atmel/studio/7.0/toolchain/arm/arm-gnu-toolchain/bin/../lib/gcc/arm-none-eabi/6.3.1/thumb/v7e-m/crtbegin.o

.rel.dyn        0x00000a7c        0x0
 .rel.iplt      0x00000a7c        0x0 c:/program files (x86)/atmel/studio/7.0/toolchain/arm/arm-gnu-toolchain/bin/../lib/gcc/arm-none-eabi/6.3.1/thumb/v7e-m/crtbegin.o

.jcr            0x00000a7c        0x0
 .jcr           0x00000a7c        0x0 c:/program files (x86)/atmel/studio/7.0/toolchain/arm/arm-gnu-toolchain/bin/../lib/gcc/arm-none-eabi/6.3.1/thumb/v7e-m/crtbegin.o

.igot.plt       0x00000a7c        0x0
 .igot.plt      0x00000a7c        0x0 c:/program files (x86)/atmel/studio/7.0/toolchain/arm/arm-gnu-toolchain/bin/../lib/gcc/arm-none-eabi/6.3.1/thumb/v7e-m/crtbegin.o

.ARM.exidx
 *(.ARM.exidx* .gnu.linkonce.armexidx.*)
                [!provide]                PROVIDE (__exidx_end, .)
                0x00000a7c                . = ALIGN (0x4)
                0x00000a7c                _etext = .

.relocate       0x20000000      0x434 load address 0x00000a7c
                0x20000000                . = ALIGN (0x4)
                0x20000000                _srelocate = .
 *(.ramfunc .ramfunc.*)
 *(.data .data.*)
 .data.g_interrupt_enabled
                0x20000000        0x1 src/ASF/common/utils/interrupt/interrupt_sam_nvic.o
                0x20000000                g_interrupt_enabled
 *fill*         0x20000001        0x7 
 .data.impure_data
                0x20000008      0x428 c:/program files (x86)/atmel/studio/7.0/toolchain/arm/arm-gnu-toolchain/bin/../lib/gcc/arm-none-eabi/6.3.1/../../../../arm-none-eabi/lib/thumb/v7e-m\libc.a(lib_a-impure.o)
 .data.__atexit_recursive_mutex
                0x20000430        0x4 c:/program files (x86)/atmel/studio/7.0/toolchain/arm/arm-gnu-toolchain/bin/../lib/gcc/arm-none-eabi/6.3.1/../../../../arm-none-eabi/lib/thumb/v7e-m\libc.a(lib_a-__call_atexit.o)
                0x20000430                __atexit_recursive_mutex
                0x20000434                . = ALIGN (0x4)
                0x20000434                _erelocate = .

.bss            0x20000434       0x88 load address 0x00000eb0
                0x20000434                . = ALIGN (0x4)
                0x20000434                _sbss = .
                0x20000434                _szero = .
 *(.bss .bss.*)
 .bss           0x20000434       0x1c c:/program files (x86)/atmel/studio/7.0/toolchain/arm/arm-gnu-toolchain/bin/../lib/gcc/arm-none-eabi/6.3.1/thumb/v7e-m/crtbegin.o
 .bss.gpio_int_sources
                0x20000450       0x30 src/ASF/sam/drivers/gpio/gpio.o
 .bss.gpio_nb_sources
                0x20000480        0x4 src/ASF/sam/drivers/gpio/gpio.o
 *(COMMON)
 COMMON         0x20000484       0x14 src/ASF/sam/drivers/ast/ast.o
                0x20000484                ast_callback_pointer
 COMMON         0x20000498       0x21 c:/program files (x86)/atmel/studio/7.0/toolchain/arm/arm-gnu-toolchain/bin/../lib/gcc/arm-none-eabi/6.3.1/../../../../arm-none-eabi/lib/thumb/v7e-m\libc.a(lib_a-lock.o)
                0x20000498                __lock___atexit_recursive_mutex
                0x2000049c                __lock___arc4random_mutex
                0x200004a0                __lock___env_recursive_mutex
                0x200004a4                __lock___sinit_recursive_mutex
                0x200004a8                __lock___malloc_recursive_mutex
                0x200004ac                __lock___at_quick_exit_mutex
                0x200004b0                __lock___dd_hash_mutex
                0x200004b4                __lock___tz_mutex
                0x200004b8                __lock___sfp_recursive_mutex
                0x200004bc                . = ALIGN (0x4)
 *fill*         0x200004b9        0x3 
                0x200004bc                _ebss = .
                0x200004bc                _ezero = .

.stack          0x200004bc     0x1004 load address 0x00000f38
                0x200004c0                . = ALIGN (0x8)
 *fill*         0x200004bc        0x4 
                0x200004c0                _sstack = .
                0x200014c0                . = (. + __stack_size__)
 *fill*         0x200004c0     0x1000 
                0x200014c0                . = ALIGN (0x8)
                0x200014c0                _estack = .
                0x200014c0                . = ALIGN (0x4)
                0x200014c0                _end = .
OUTPUT(WatchProj.elf elf32-littlearm)

.ARM.attributes
                0x00000000       0x2a
 .ARM.attributes
                0x00000000       0x1e c:/program files (x86)/atmel/studio/7.0/toolchain/arm/arm-gnu-toolchain/bin/../lib/gcc/arm-none-eabi/6.3.1/thumb/v7e-m/crti.o
 .ARM.attributes
                0x0000001e       0x2e c:/program files (x86)/atmel/studio/7.0/toolchain/arm/arm-gnu-toolchain/bin/../lib/gcc/arm-none-eabi/6.3.1/thumb/v7e-m/crtbegin.o
 .ARM.attributes
                0x0000004c       0x33 src/ASF/sam/drivers/gpio/gpio.o
 .ARM.attributes
                0x0000007f       0x33 src/ASF/common/services/clock/sam4l/sysclk.o
 .ARM.attributes
                0x000000b2       0x33 src/ASF/sam/drivers/ast/ast.o
 .ARM.attributes
                0x000000e5       0x33 src/ASF/common/boards/user_board/init.o
 .ARM.attributes
                0x00000118       0x33 src/ASF/common/utils/interrupt/interrupt_sam_nvic.o
 .ARM.attributes
                0x0000014b       0x33 src/ASF/sam/utils/cmsis/sam4l/source/templates/exceptions.o
 .ARM.attributes
                0x0000017e       0x33 src/ASF/sam/utils/cmsis/sam4l/source/templates/gcc/startup_sam4l.o
 .ARM.attributes
                0x000001b1       0x33 src/main.o
 .ARM.attributes
                0x000001e4       0x2e c:/program files (x86)/atmel/studio/7.0/toolchain/arm/arm-gnu-toolchain/bin/../lib/gcc/arm-none-eabi/6.3.1/../../../../arm-none-eabi/lib/thumb/v7e-m\libc.a(lib_a-impure.o)
 .ARM.attributes
                0x00000212       0x2e c:/program files (x86)/atmel/studio/7.0/toolchain/arm/arm-gnu-toolchain/bin/../lib/gcc/arm-none-eabi/6.3.1/../../../../arm-none-eabi/lib/thumb/v7e-m\libc.a(lib_a-init.o)
 .ARM.attributes
                0x00000240       0x2e c:/program files (x86)/atmel/studio/7.0/toolchain/arm/arm-gnu-toolchain/bin/../lib/gcc/arm-none-eabi/6.3.1/../../../../arm-none-eabi/lib/thumb/v7e-m\libc.a(lib_a-__call_atexit.o)
 .ARM.attributes
                0x0000026e       0x2e c:/program files (x86)/atmel/studio/7.0/toolchain/arm/arm-gnu-toolchain/bin/../lib/gcc/arm-none-eabi/6.3.1/../../../../arm-none-eabi/lib/thumb/v7e-m\libc.a(lib_a-atexit.o)
 .ARM.attributes
                0x0000029c       0x2e c:/program files (x86)/atmel/studio/7.0/toolchain/arm/arm-gnu-toolchain/bin/../lib/gcc/arm-none-eabi/6.3.1/../../../../arm-none-eabi/lib/thumb/v7e-m\libc.a(lib_a-fini.o)
 .ARM.attributes
                0x000002ca       0x2e c:/program files (x86)/atmel/studio/7.0/toolchain/arm/arm-gnu-toolchain/bin/../lib/gcc/arm-none-eabi/6.3.1/../../../../arm-none-eabi/lib/thumb/v7e-m\libc.a(lib_a-lock.o)
 .ARM.attributes
                0x000002f8       0x2e c:/program files (x86)/atmel/studio/7.0/toolchain/arm/arm-gnu-toolchain/bin/../lib/gcc/arm-none-eabi/6.3.1/../../../../arm-none-eabi/lib/thumb/v7e-m\libc.a(lib_a-__atexit.o)
 .ARM.attributes
                0x00000326       0x1e c:/program files (x86)/atmel/studio/7.0/toolchain/arm/arm-gnu-toolchain/bin/../lib/gcc/arm-none-eabi/6.3.1/thumb/v7e-m/crtn.o

.comment        0x00000000       0x59
 .comment       0x00000000       0x59 src/ASF/sam/drivers/gpio/gpio.o
                                 0x5a (size before relaxing)
 .comment       0x00000059       0x5a src/ASF/common/services/clock/sam4l/sysclk.o
 .comment       0x00000059       0x5a src/ASF/sam/drivers/ast/ast.o
 .comment       0x00000059       0x5a src/ASF/common/boards/user_board/init.o
 .comment       0x00000059       0x5a src/ASF/common/utils/interrupt/interrupt_sam_nvic.o
 .comment       0x00000059       0x5a src/ASF/sam/utils/cmsis/sam4l/source/templates/exceptions.o
 .comment       0x00000059       0x5a src/ASF/sam/utils/cmsis/sam4l/source/templates/gcc/startup_sam4l.o
 .comment       0x00000059       0x5a src/main.o

.debug_info     0x00000000     0x9ee2
 .debug_info    0x00000000     0x1bcd src/ASF/sam/drivers/gpio/gpio.o
 .debug_info    0x00001bcd     0x3352 src/ASF/common/services/clock/sam4l/sysclk.o
 .debug_info    0x00004f1f     0x218f src/ASF/sam/drivers/ast/ast.o
 .debug_info    0x000070ae      0xa79 src/ASF/common/boards/user_board/init.o
 .debug_info    0x00007b27      0xaff src/ASF/common/utils/interrupt/interrupt_sam_nvic.o
 .debug_info    0x00008626       0xdc src/ASF/sam/utils/cmsis/sam4l/source/templates/exceptions.o
 .debug_info    0x00008702      0x3cb src/ASF/sam/utils/cmsis/sam4l/source/templates/gcc/startup_sam4l.o
 .debug_info    0x00008acd     0x1415 src/main.o

.debug_abbrev   0x00000000     0x151f
 .debug_abbrev  0x00000000      0x350 src/ASF/sam/drivers/gpio/gpio.o
 .debug_abbrev  0x00000350      0x491 src/ASF/common/services/clock/sam4l/sysclk.o
 .debug_abbrev  0x000007e1      0x509 src/ASF/sam/drivers/ast/ast.o
 .debug_abbrev  0x00000cea      0x1a9 src/ASF/common/boards/user_board/init.o
 .debug_abbrev  0x00000e93      0x221 src/ASF/common/utils/interrupt/interrupt_sam_nvic.o
 .debug_abbrev  0x000010b4       0x7d src/ASF/sam/utils/cmsis/sam4l/source/templates/exceptions.o
 .debug_abbrev  0x00001131      0x11d src/ASF/sam/utils/cmsis/sam4l/source/templates/gcc/startup_sam4l.o
 .debug_abbrev  0x0000124e      0x2d1 src/main.o

.debug_loc      0x00000000     0x23e4
 .debug_loc     0x00000000      0x511 src/ASF/sam/drivers/gpio/gpio.o
 .debug_loc     0x00000511     0x1356 src/ASF/common/services/clock/sam4l/sysclk.o
 .debug_loc     0x00001867      0xaca src/ASF/sam/drivers/ast/ast.o
 .debug_loc     0x00002331       0x6b src/ASF/sam/utils/cmsis/sam4l/source/templates/gcc/startup_sam4l.o
 .debug_loc     0x0000239c       0x48 src/main.o

.debug_aranges  0x00000000      0x288
 .debug_aranges
                0x00000000       0x88 src/ASF/sam/drivers/gpio/gpio.o
 .debug_aranges
                0x00000088       0x88 src/ASF/common/services/clock/sam4l/sysclk.o
 .debug_aranges
                0x00000110       0xd0 src/ASF/sam/drivers/ast/ast.o
 .debug_aranges
                0x000001e0       0x20 src/ASF/common/boards/user_board/init.o
 .debug_aranges
                0x00000200       0x28 src/ASF/common/utils/interrupt/interrupt_sam_nvic.o
 .debug_aranges
                0x00000228       0x20 src/ASF/sam/utils/cmsis/sam4l/source/templates/exceptions.o
 .debug_aranges
                0x00000248       0x20 src/ASF/sam/utils/cmsis/sam4l/source/templates/gcc/startup_sam4l.o
 .debug_aranges
                0x00000268       0x20 src/main.o

.debug_ranges   0x00000000      0x298
 .debug_ranges  0x00000000       0xa8 src/ASF/sam/drivers/gpio/gpio.o
 .debug_ranges  0x000000a8       0xc0 src/ASF/common/services/clock/sam4l/sysclk.o
 .debug_ranges  0x00000168       0xd8 src/ASF/sam/drivers/ast/ast.o
 .debug_ranges  0x00000240       0x10 src/ASF/common/boards/user_board/init.o
 .debug_ranges  0x00000250       0x18 src/ASF/common/utils/interrupt/interrupt_sam_nvic.o
 .debug_ranges  0x00000268       0x10 src/ASF/sam/utils/cmsis/sam4l/source/templates/exceptions.o
 .debug_ranges  0x00000278       0x10 src/ASF/sam/utils/cmsis/sam4l/source/templates/gcc/startup_sam4l.o
 .debug_ranges  0x00000288       0x10 src/main.o

.debug_macro    0x00000000     0x3934
 .debug_macro   0x00000000      0x69e src/ASF/sam/drivers/gpio/gpio.o
 .debug_macro   0x0000069e       0x52 src/ASF/sam/drivers/gpio/gpio.o
 .debug_macro   0x000006f0      0x2df src/ASF/sam/drivers/gpio/gpio.o
 .debug_macro   0x000009cf       0x2e src/ASF/sam/drivers/gpio/gpio.o
 .debug_macro   0x000009fd      0x211 src/ASF/sam/drivers/gpio/gpio.o
 .debug_macro   0x00000c0e       0x6a src/ASF/sam/drivers/gpio/gpio.o
 .debug_macro   0x00000c78       0x10 src/ASF/sam/drivers/gpio/gpio.o
 .debug_macro   0x00000c88      0x137 src/ASF/sam/drivers/gpio/gpio.o
 .debug_macro   0x00000dbf       0x86 src/ASF/sam/drivers/gpio/gpio.o
 .debug_macro   0x00000e45       0x12 src/ASF/sam/drivers/gpio/gpio.o
 .debug_macro   0x00000e57       0x8e src/ASF/sam/drivers/gpio/gpio.o
 .debug_macro   0x00000ee5      0x6b4 src/ASF/common/services/clock/sam4l/sysclk.o
 .debug_macro   0x00001599       0x47 src/ASF/common/services/clock/sam4l/sysclk.o
 .debug_macro   0x000015e0      0x6b0 src/ASF/sam/drivers/ast/ast.o
 .debug_macro   0x00001c90       0x27 src/ASF/sam/drivers/ast/ast.o
 .debug_macro   0x00001cb7       0x10 src/ASF/sam/drivers/ast/ast.o
 .debug_macro   0x00001cc7      0x719 src/ASF/common/boards/user_board/init.o
 .debug_macro   0x000023e0       0x28 src/ASF/common/boards/user_board/init.o
 .debug_macro   0x00002408       0x22 src/ASF/common/boards/user_board/init.o
 .debug_macro   0x0000242a       0x94 src/ASF/common/boards/user_board/init.o
 .debug_macro   0x000024be      0x5c5 src/ASF/common/utils/interrupt/interrupt_sam_nvic.o
 .debug_macro   0x00002a83      0x3cc src/ASF/sam/utils/cmsis/sam4l/source/templates/exceptions.o
 .debug_macro   0x00002e4f      0x3cc src/ASF/sam/utils/cmsis/sam4l/source/templates/gcc/startup_sam4l.o
 .debug_macro   0x0000321b      0x719 src/main.o

.debug_line     0x00000000     0x743e
 .debug_line    0x00000000      0xf01 src/ASF/sam/drivers/gpio/gpio.o
 .debug_line    0x00000f01     0x1311 src/ASF/common/services/clock/sam4l/sysclk.o
 .debug_line    0x00002212     0x1387 src/ASF/sam/drivers/ast/ast.o
 .debug_line    0x00003599      0xf48 src/ASF/common/boards/user_board/init.o
 .debug_line    0x000044e1      0xc4d src/ASF/common/utils/interrupt/interrupt_sam_nvic.o
 .debug_line    0x0000512e      0x9b4 src/ASF/sam/utils/cmsis/sam4l/source/templates/exceptions.o
 .debug_line    0x00005ae2      0x9fb src/ASF/sam/utils/cmsis/sam4l/source/templates/gcc/startup_sam4l.o
 .debug_line    0x000064dd      0xf61 src/main.o

.debug_str      0x00000000    0xd719b
 .debug_str     0x00000000    0xd4f50 src/ASF/sam/drivers/gpio/gpio.o
                              0xd587a (size before relaxing)
 .debug_str     0x000d4f50     0x15c2 src/ASF/common/services/clock/sam4l/sysclk.o
                              0xd61a7 (size before relaxing)
 .debug_str     0x000d6512      0x705 src/ASF/sam/drivers/ast/ast.o
                              0xd5c51 (size before relaxing)
 .debug_str     0x000d6c17      0x311 src/ASF/common/boards/user_board/init.o
                              0xd57d1 (size before relaxing)
 .debug_str     0x000d6f28       0x65 src/ASF/common/utils/interrupt/interrupt_sam_nvic.o
                              0xd2d06 (size before relaxing)
 .debug_str     0x000d6f8d       0x4d src/ASF/sam/utils/cmsis/sam4l/source/templates/exceptions.o
                              0xc247c (size before relaxing)
 .debug_str     0x000d6fda       0xd9 src/ASF/sam/utils/cmsis/sam4l/source/templates/gcc/startup_sam4l.o
                              0xc2578 (size before relaxing)
 .debug_str     0x000d70b3       0xe8 src/main.o
                              0xd5d3a (size before relaxing)

.debug_frame    0x00000000      0x794
 .debug_frame   0x00000000      0x180 src/ASF/sam/drivers/gpio/gpio.o
 .debug_frame   0x00000180      0x1bc src/ASF/common/services/clock/sam4l/sysclk.o
 .debug_frame   0x0000033c      0x1d8 src/ASF/sam/drivers/ast/ast.o
 .debug_frame   0x00000514       0x20 src/ASF/common/boards/user_board/init.o
 .debug_frame   0x00000534       0x30 src/ASF/common/utils/interrupt/interrupt_sam_nvic.o
 .debug_frame   0x00000564       0x20 src/ASF/sam/utils/cmsis/sam4l/source/templates/exceptions.o
 .debug_frame   0x00000584       0x28 src/ASF/sam/utils/cmsis/sam4l/source/templates/gcc/startup_sam4l.o
 .debug_frame   0x000005ac       0x28 src/main.o
 .debug_frame   0x000005d4       0x2c c:/program files (x86)/atmel/studio/7.0/toolchain/arm/arm-gnu-toolchain/bin/../lib/gcc/arm-none-eabi/6.3.1/../../../../arm-none-eabi/lib/thumb/v7e-m\libc.a(lib_a-init.o)
 .debug_frame   0x00000600       0x5c c:/program files (x86)/atmel/studio/7.0/toolchain/arm/arm-gnu-toolchain/bin/../lib/gcc/arm-none-eabi/6.3.1/../../../../arm-none-eabi/lib/thumb/v7e-m\libc.a(lib_a-__call_atexit.o)
 .debug_frame   0x0000065c       0x20 c:/program files (x86)/atmel/studio/7.0/toolchain/arm/arm-gnu-toolchain/bin/../lib/gcc/arm-none-eabi/6.3.1/../../../../arm-none-eabi/lib/thumb/v7e-m\libc.a(lib_a-atexit.o)
 .debug_frame   0x0000067c       0x34 c:/program files (x86)/atmel/studio/7.0/toolchain/arm/arm-gnu-toolchain/bin/../lib/gcc/arm-none-eabi/6.3.1/../../../../arm-none-eabi/lib/thumb/v7e-m\libc.a(lib_a-fini.o)
 .debug_frame   0x000006b0       0xb0 c:/program files (x86)/atmel/studio/7.0/toolchain/arm/arm-gnu-toolchain/bin/../lib/gcc/arm-none-eabi/6.3.1/../../../../arm-none-eabi/lib/thumb/v7e-m\libc.a(lib_a-lock.o)
 .debug_frame   0x00000760       0x34 c:/program files (x86)/atmel/studio/7.0/toolchain/arm/arm-gnu-toolchain/bin/../lib/gcc/arm-none-eabi/6.3.1/../../../../arm-none-eabi/lib/thumb/v7e-m\libc.a(lib_a-__atexit.o)

Cross Reference Table

Symbol                                            File
ABDACB_Handler                                    src/ASF/sam/utils/cmsis/sam4l/source/templates/exceptions.o
                                                  src/ASF/sam/utils/cmsis/sam4l/source/templates/gcc/startup_sam4l.o
ACIFC_Handler                                     src/ASF/sam/utils/cmsis/sam4l/source/templates/exceptions.o
                                                  src/ASF/sam/utils/cmsis/sam4l/source/templates/gcc/startup_sam4l.o
ADCIFE_Handler                                    src/ASF/sam/utils/cmsis/sam4l/source/templates/exceptions.o
                                                  src/ASF/sam/utils/cmsis/sam4l/source/templates/gcc/startup_sam4l.o
AESA_Handler                                      src/ASF/sam/utils/cmsis/sam4l/source/templates/exceptions.o
AST_ALARM_Handler                                 src/ASF/sam/drivers/ast/ast.o
                                                  src/ASF/sam/utils/cmsis/sam4l/source/templates/gcc/startup_sam4l.o
AST_CLKREADY_Handler                              src/ASF/sam/utils/cmsis/sam4l/source/templates/exceptions.o
                                                  src/ASF/sam/utils/cmsis/sam4l/source/templates/gcc/startup_sam4l.o
AST_OVF_Handler                                   src/ASF/sam/utils/cmsis/sam4l/source/templates/exceptions.o
                                                  src/ASF/sam/utils/cmsis/sam4l/source/templates/gcc/startup_sam4l.o
AST_PER_Handler                                   src/ASF/sam/utils/cmsis/sam4l/source/templates/exceptions.o
                                                  src/ASF/sam/utils/cmsis/sam4l/source/templates/gcc/startup_sam4l.o
AST_READY_Handler                                 src/ASF/sam/utils/cmsis/sam4l/source/templates/exceptions.o
                                                  src/ASF/sam/utils/cmsis/sam4l/source/templates/gcc/startup_sam4l.o
BPM_Handler                                       src/ASF/sam/utils/cmsis/sam4l/source/templates/exceptions.o
                                                  src/ASF/sam/utils/cmsis/sam4l/source/templates/gcc/startup_sam4l.o
BSCIF_Handler                                     src/ASF/sam/utils/cmsis/sam4l/source/templates/exceptions.o
                                                  src/ASF/sam/utils/cmsis/sam4l/source/templates/gcc/startup_sam4l.o
BusFault_Handler                                  src/ASF/sam/utils/cmsis/sam4l/source/templates/exceptions.o
                                                  src/ASF/sam/utils/cmsis/sam4l/source/templates/gcc/startup_sam4l.o
CATB_Handler                                      src/ASF/sam/utils/cmsis/sam4l/source/templates/exceptions.o
                                                  src/ASF/sam/utils/cmsis/sam4l/source/templates/gcc/startup_sam4l.o
CRCCU_Handler                                     src/ASF/sam/utils/cmsis/sam4l/source/templates/exceptions.o
                                                  src/ASF/sam/utils/cmsis/sam4l/source/templates/gcc/startup_sam4l.o
DACC_Handler                                      src/ASF/sam/utils/cmsis/sam4l/source/templates/exceptions.o
                                                  src/ASF/sam/utils/cmsis/sam4l/source/templates/gcc/startup_sam4l.o
DebugMon_Handler                                  src/ASF/sam/utils/cmsis/sam4l/source/templates/exceptions.o
                                                  src/ASF/sam/utils/cmsis/sam4l/source/templates/gcc/startup_sam4l.o
Dummy_Handler                                     src/ASF/sam/utils/cmsis/sam4l/source/templates/exceptions.o
                                                  src/ASF/sam/utils/cmsis/sam4l/source/templates/gcc/startup_sam4l.o
EIC_1_Handler                                     src/ASF/sam/utils/cmsis/sam4l/source/templates/exceptions.o
                                                  src/ASF/sam/utils/cmsis/sam4l/source/templates/gcc/startup_sam4l.o
EIC_2_Handler                                     src/ASF/sam/utils/cmsis/sam4l/source/templates/exceptions.o
                                                  src/ASF/sam/utils/cmsis/sam4l/source/templates/gcc/startup_sam4l.o
EIC_3_Handler                                     src/ASF/sam/utils/cmsis/sam4l/source/templates/exceptions.o
                                                  src/ASF/sam/utils/cmsis/sam4l/source/templates/gcc/startup_sam4l.o
EIC_4_Handler                                     src/ASF/sam/utils/cmsis/sam4l/source/templates/exceptions.o
                                                  src/ASF/sam/utils/cmsis/sam4l/source/templates/gcc/startup_sam4l.o
EIC_5_Handler                                     src/ASF/sam/utils/cmsis/sam4l/source/templates/exceptions.o
                                                  src/ASF/sam/utils/cmsis/sam4l/source/templates/gcc/startup_sam4l.o
EIC_6_Handler                                     src/ASF/sam/utils/cmsis/sam4l/source/templates/exceptions.o
                                                  src/ASF/sam/utils/cmsis/sam4l/source/templates/gcc/startup_sam4l.o
EIC_7_Handler                                     src/ASF/sam/utils/cmsis/sam4l/source/templates/exceptions.o
                                                  src/ASF/sam/utils/cmsis/sam4l/source/templates/gcc/startup_sam4l.o
EIC_8_Handler                                     src/ASF/sam/utils/cmsis/sam4l/source/templates/exceptions.o
                                                  src/ASF/sam/utils/cmsis/sam4l/source/templates/gcc/startup_sam4l.o
FREQM_Handler                                     src/ASF/sam/utils/cmsis/sam4l/source/templates/exceptions.o
                                                  src/ASF/sam/utils/cmsis/sam4l/source/templates/gcc/startup_sam4l.o
GPIO_0_Handler                                    src/ASF/sam/drivers/gpio/gpio.o
                                                  src/ASF/sam/utils/cmsis/sam4l/source/templates/gcc/startup_sam4l.o
GPIO_10_Handler                                   src/ASF/sam/drivers/gpio/gpio.o
                                                  src/ASF/sam/utils/cmsis/sam4l/source/templates/gcc/startup_sam4l.o
GPIO_11_Handler                                   src/ASF/sam/drivers/gpio/gpio.o
                                                  src/ASF/sam/utils/cmsis/sam4l/source/templates/gcc/startup_sam4l.o
GPIO_1_Handler                                    src/ASF/sam/drivers/gpio/gpio.o
                                                  src/ASF/sam/utils/cmsis/sam4l/source/templates/gcc/startup_sam4l.o
GPIO_2_Handler                                    src/ASF/sam/drivers/gpio/gpio.o
                                                  src/ASF/sam/utils/cmsis/sam4l/source/templates/gcc/startup_sam4l.o
GPIO_3_Handler                                    src/ASF/sam/drivers/gpio/gpio.o
                                                  src/ASF/sam/utils/cmsis/sam4l/source/templates/gcc/startup_sam4l.o
GPIO_4_Handler                                    src/ASF/sam/drivers/gpio/gpio.o
                                                  src/ASF/sam/utils/cmsis/sam4l/source/templates/gcc/startup_sam4l.o
GPIO_5_Handler                                    src/ASF/sam/drivers/gpio/gpio.o
                                                  src/ASF/sam/utils/cmsis/sam4l/source/templates/gcc/startup_sam4l.o
GPIO_6_Handler                                    src/ASF/sam/drivers/gpio/gpio.o
                                                  src/ASF/sam/utils/cmsis/sam4l/source/templates/gcc/startup_sam4l.o
GPIO_7_Handler                                    src/ASF/sam/drivers/gpio/gpio.o
                                                  src/ASF/sam/utils/cmsis/sam4l/source/templates/gcc/startup_sam4l.o
GPIO_8_Handler                                    src/ASF/sam/drivers/gpio/gpio.o
                                                  src/ASF/sam/utils/cmsis/sam4l/source/templates/gcc/startup_sam4l.o
GPIO_9_Handler                                    src/ASF/sam/drivers/gpio/gpio.o
                                                  src/ASF/sam/utils/cmsis/sam4l/source/templates/gcc/startup_sam4l.o
HFLASHC_Handler                                   src/ASF/sam/utils/cmsis/sam4l/source/templates/exceptions.o
                                                  src/ASF/sam/utils/cmsis/sam4l/source/templates/gcc/startup_sam4l.o
HardFault_Handler                                 src/ASF/sam/utils/cmsis/sam4l/source/templates/exceptions.o
                                                  src/ASF/sam/utils/cmsis/sam4l/source/templates/gcc/startup_sam4l.o
IISC_Handler                                      src/ASF/sam/utils/cmsis/sam4l/source/templates/exceptions.o
                                                  src/ASF/sam/utils/cmsis/sam4l/source/templates/gcc/startup_sam4l.o
LCDCA_Handler                                     src/ASF/sam/utils/cmsis/sam4l/source/templates/exceptions.o
MemManage_Handler                                 src/ASF/sam/utils/cmsis/sam4l/source/templates/exceptions.o
                                                  src/ASF/sam/utils/cmsis/sam4l/source/templates/gcc/startup_sam4l.o
NMI_Handler                                       src/ASF/sam/utils/cmsis/sam4l/source/templates/exceptions.o
                                                  src/ASF/sam/utils/cmsis/sam4l/source/templates/gcc/startup_sam4l.o
PARC_Handler                                      src/ASF/sam/utils/cmsis/sam4l/source/templates/exceptions.o
                                                  src/ASF/sam/utils/cmsis/sam4l/source/templates/gcc/startup_sam4l.o
PDCA_0_Handler                                    src/ASF/sam/utils/cmsis/sam4l/source/templates/exceptions.o
                                                  src/ASF/sam/utils/cmsis/sam4l/source/templates/gcc/startup_sam4l.o
PDCA_10_Handler                                   src/ASF/sam/utils/cmsis/sam4l/source/templates/exceptions.o
                                                  src/ASF/sam/utils/cmsis/sam4l/source/templates/gcc/startup_sam4l.o
PDCA_11_Handler                                   src/ASF/sam/utils/cmsis/sam4l/source/templates/exceptions.o
                                                  src/ASF/sam/utils/cmsis/sam4l/source/templates/gcc/startup_sam4l.o
PDCA_12_Handler                                   src/ASF/sam/utils/cmsis/sam4l/source/templates/exceptions.o
                                                  src/ASF/sam/utils/cmsis/sam4l/source/templates/gcc/startup_sam4l.o
PDCA_13_Handler                                   src/ASF/sam/utils/cmsis/sam4l/source/templates/exceptions.o
                                                  src/ASF/sam/utils/cmsis/sam4l/source/templates/gcc/startup_sam4l.o
PDCA_14_Handler                                   src/ASF/sam/utils/cmsis/sam4l/source/templates/exceptions.o
                                                  src/ASF/sam/utils/cmsis/sam4l/source/templates/gcc/startup_sam4l.o
PDCA_15_Handler                                   src/ASF/sam/utils/cmsis/sam4l/source/templates/exceptions.o
                                                  src/ASF/sam/utils/cmsis/sam4l/source/templates/gcc/startup_sam4l.o
PDCA_1_Handler                                    src/ASF/sam/utils/cmsis/sam4l/source/templates/exceptions.o
                                                  src/ASF/sam/utils/cmsis/sam4l/source/templates/gcc/startup_sam4l.o
PDCA_2_Handler                                    src/ASF/sam/utils/cmsis/sam4l/source/templates/exceptions.o
                                                  src/ASF/sam/utils/cmsis/sam4l/source/templates/gcc/startup_sam4l.o
PDCA_3_Handler                                    src/ASF/sam/utils/cmsis/sam4l/source/templates/exceptions.o
                                                  src/ASF/sam/utils/cmsis/sam4l/source/templates/gcc/startup_sam4l.o
PDCA_4_Handler                                    src/ASF/sam/utils/cmsis/sam4l/source/templates/exceptions.o
                                                  src/ASF/sam/utils/cmsis/sam4l/source/templates/gcc/startup_sam4l.o
PDCA_5_Handler                                    src/ASF/sam/utils/cmsis/sam4l/source/templates/exceptions.o
                                                  src/ASF/sam/utils/cmsis/sam4l/source/templates/gcc/startup_sam4l.o
PDCA_6_Handler                                    src/ASF/sam/utils/cmsis/sam4l/source/templates/exceptions.o
                                                  src/ASF/sam/utils/cmsis/sam4l/source/templates/gcc/startup_sam4l.o
PDCA_7_Handler                                    src/ASF/sam/utils/cmsis/sam4l/source/templates/exceptions.o
                                                  src/ASF/sam/utils/cmsis/sam4l/source/templates/gcc/startup_sam4l.o
PDCA_8_Handler                                    src/ASF/sam/utils/cmsis/sam4l/source/templates/exceptions.o
                                                  src/ASF/sam/utils/cmsis/sam4l/source/templates/gcc/startup_sam4l.o
PDCA_9_Handler                                    src/ASF/sam/utils/cmsis/sam4l/source/templates/exceptions.o
                                                  src/ASF/sam/utils/cmsis/sam4l/source/templates/gcc/startup_sam4l.o
PEVC_OV_Handler                                   src/ASF/sam/utils/cmsis/sam4l/source/templates/exceptions.o
                                                  src/ASF/sam/utils/cmsis/sam4l/source/templates/gcc/startup_sam4l.o
PEVC_TR_Handler                                   src/ASF/sam/utils/cmsis/sam4l/source/templates/exceptions.o
                                                  src/ASF/sam/utils/cmsis/sam4l/source/templates/gcc/startup_sam4l.o
PM_Handler                                        src/ASF/sam/utils/cmsis/sam4l/source/templates/exceptions.o
                                                  src/ASF/sam/utils/cmsis/sam4l/source/templates/gcc/startup_sam4l.o
PendSV_Handler                                    src/ASF/sam/utils/cmsis/sam4l/source/templates/exceptions.o
                                                  src/ASF/sam/utils/cmsis/sam4l/source/templates/gcc/startup_sam4l.o
Reset_Handler                                     src/ASF/sam/utils/cmsis/sam4l/source/templates/gcc/startup_sam4l.o
                                                  src/ASF/sam/utils/cmsis/sam4l/source/templates/exceptions.o
SCIF_Handler                                      src/ASF/sam/utils/cmsis/sam4l/source/templates/exceptions.o
                                                  src/ASF/sam/utils/cmsis/sam4l/source/templates/gcc/startup_sam4l.o
SPI_Handler                                       src/ASF/sam/utils/cmsis/sam4l/source/templates/exceptions.o
                                                  src/ASF/sam/utils/cmsis/sam4l/source/templates/gcc/startup_sam4l.o
SVC_Handler                                       src/ASF/sam/utils/cmsis/sam4l/source/templates/exceptions.o
                                                  src/ASF/sam/utils/cmsis/sam4l/source/templates/gcc/startup_sam4l.o
SysTick_Handler                                   src/ASF/sam/utils/cmsis/sam4l/source/templates/exceptions.o
                                                  src/ASF/sam/utils/cmsis/sam4l/source/templates/gcc/startup_sam4l.o
SystemCoreClock                                   src/ASF/sam/utils/cmsis/sam4l/source/templates/system_sam4l.o
SystemCoreClockUpdate                             src/ASF/sam/utils/cmsis/sam4l/source/templates/system_sam4l.o
SystemInit                                        src/ASF/sam/utils/cmsis/sam4l/source/templates/system_sam4l.o
TC00_Handler                                      src/ASF/sam/utils/cmsis/sam4l/source/templates/exceptions.o
                                                  src/ASF/sam/utils/cmsis/sam4l/source/templates/gcc/startup_sam4l.o
TC01_Handler                                      src/ASF/sam/utils/cmsis/sam4l/source/templates/exceptions.o
                                                  src/ASF/sam/utils/cmsis/sam4l/source/templates/gcc/startup_sam4l.o
TC02_Handler                                      src/ASF/sam/utils/cmsis/sam4l/source/templates/exceptions.o
                                                  src/ASF/sam/utils/cmsis/sam4l/source/templates/gcc/startup_sam4l.o
TC10_Handler                                      src/ASF/sam/utils/cmsis/sam4l/source/templates/exceptions.o
                                                  src/ASF/sam/utils/cmsis/sam4l/source/templates/gcc/startup_sam4l.o
TC11_Handler                                      src/ASF/sam/utils/cmsis/sam4l/source/templates/exceptions.o
                                                  src/ASF/sam/utils/cmsis/sam4l/source/templates/gcc/startup_sam4l.o
TC12_Handler                                      src/ASF/sam/utils/cmsis/sam4l/source/templates/exceptions.o
                                                  src/ASF/sam/utils/cmsis/sam4l/source/templates/gcc/startup_sam4l.o
TRNG_Handler                                      src/ASF/sam/utils/cmsis/sam4l/source/templates/exceptions.o
                                                  src/ASF/sam/utils/cmsis/sam4l/source/templates/gcc/startup_sam4l.o
TWIM0_Handler                                     src/ASF/sam/utils/cmsis/sam4l/source/templates/exceptions.o
                                                  src/ASF/sam/utils/cmsis/sam4l/source/templates/gcc/startup_sam4l.o
TWIM1_Handler                                     src/ASF/sam/utils/cmsis/sam4l/source/templates/exceptions.o
                                                  src/ASF/sam/utils/cmsis/sam4l/source/templates/gcc/startup_sam4l.o
TWIM2_Handler                                     src/ASF/sam/utils/cmsis/sam4l/source/templates/exceptions.o
                                                  src/ASF/sam/utils/cmsis/sam4l/source/templates/gcc/startup_sam4l.o
TWIM3_Handler                                     src/ASF/sam/utils/cmsis/sam4l/source/templates/exceptions.o
                                                  src/ASF/sam/utils/cmsis/sam4l/source/templates/gcc/startup_sam4l.o
TWIS0_Handler                                     src/ASF/sam/utils/cmsis/sam4l/source/templates/exceptions.o
                                                  src/ASF/sam/utils/cmsis/sam4l/source/templates/gcc/startup_sam4l.o
TWIS1_Handler                                     src/ASF/sam/utils/cmsis/sam4l/source/templates/exceptions.o
                                                  src/ASF/sam/utils/cmsis/sam4l/source/templates/gcc/startup_sam4l.o
USART0_Handler                                    src/ASF/sam/utils/cmsis/sam4l/source/templates/exceptions.o
                                                  src/ASF/sam/utils/cmsis/sam4l/source/templates/gcc/startup_sam4l.o
USART1_Handler                                    src/ASF/sam/utils/cmsis/sam4l/source/templates/exceptions.o
                                                  src/ASF/sam/utils/cmsis/sam4l/source/templates/gcc/startup_sam4l.o
USART2_Handler                                    src/ASF/sam/utils/cmsis/sam4l/source/templates/exceptions.o
                                                  src/ASF/sam/utils/cmsis/sam4l/source/templates/gcc/startup_sam4l.o
USART3_Handler                                    src/ASF/sam/utils/cmsis/sam4l/source/templates/exceptions.o
                                                  src/ASF/sam/utils/cmsis/sam4l/source/templates/gcc/startup_sam4l.o
USBC_Handler                                      src/ASF/sam/utils/cmsis/sam4l/source/templates/exceptions.o
                                                  src/ASF/sam/utils/cmsis/sam4l/source/templates/gcc/startup_sam4l.o
UsageFault_Handler                                src/ASF/sam/utils/cmsis/sam4l/source/templates/exceptions.o
                                                  src/ASF/sam/utils/cmsis/sam4l/source/templates/gcc/startup_sam4l.o
WDT_Handler                                       src/ASF/sam/utils/cmsis/sam4l/source/templates/exceptions.o
                                                  src/ASF/sam/utils/cmsis/sam4l/source/templates/gcc/startup_sam4l.o
_Jv_RegisterClasses                               c:/program files (x86)/atmel/studio/7.0/toolchain/arm/arm-gnu-toolchain/bin/../lib/gcc/arm-none-eabi/6.3.1/thumb/v7e-m/crtbegin.o
__atexit_recursive_mutex                          c:/program files (x86)/atmel/studio/7.0/toolchain/arm/arm-gnu-toolchain/bin/../lib/gcc/arm-none-eabi/6.3.1/../../../../arm-none-eabi/lib/thumb/v7e-m\libc.a(lib_a-__call_atexit.o)
                                                  c:/program files (x86)/atmel/studio/7.0/toolchain/arm/arm-gnu-toolchain/bin/../lib/gcc/arm-none-eabi/6.3.1/../../../../arm-none-eabi/lib/thumb/v7e-m\libc.a(lib_a-__atexit.o)
__bss_end__                                       c:/program files (x86)/atmel/studio/7.0/toolchain/arm/arm-gnu-toolchain/bin/../lib/gcc/arm-none-eabi/6.3.1/../../../../arm-none-eabi/lib/thumb/v7e-m/crt0.o
__bss_start__                                     c:/program files (x86)/atmel/studio/7.0/toolchain/arm/arm-gnu-toolchain/bin/../lib/gcc/arm-none-eabi/6.3.1/../../../../arm-none-eabi/lib/thumb/v7e-m/crt0.o
__call_exitprocs                                  c:/program files (x86)/atmel/studio/7.0/toolchain/arm/arm-gnu-toolchain/bin/../lib/gcc/arm-none-eabi/6.3.1/../../../../arm-none-eabi/lib/thumb/v7e-m\libc.a(lib_a-__call_atexit.o)
                                                  c:/program files (x86)/atmel/studio/7.0/toolchain/arm/arm-gnu-toolchain/bin/../lib/gcc/arm-none-eabi/6.3.1/../../../../arm-none-eabi/lib/thumb/v7e-m\libc.a(lib_a-exit.o)
__deregister_frame_info                           c:/program files (x86)/atmel/studio/7.0/toolchain/arm/arm-gnu-toolchain/bin/../lib/gcc/arm-none-eabi/6.3.1/thumb/v7e-m/crtbegin.o
__dso_handle                                      c:/program files (x86)/atmel/studio/7.0/toolchain/arm/arm-gnu-toolchain/bin/../lib/gcc/arm-none-eabi/6.3.1/thumb/v7e-m/crtbegin.o
__fini_array_end                                  c:/program files (x86)/atmel/studio/7.0/toolchain/arm/arm-gnu-toolchain/bin/../lib/gcc/arm-none-eabi/6.3.1/../../../../arm-none-eabi/lib/thumb/v7e-m\libc.a(lib_a-fini.o)
__fini_array_start                                c:/program files (x86)/atmel/studio/7.0/toolchain/arm/arm-gnu-toolchain/bin/../lib/gcc/arm-none-eabi/6.3.1/../../../../arm-none-eabi/lib/thumb/v7e-m\libc.a(lib_a-fini.o)
__init_array_end                                  c:/program files (x86)/atmel/studio/7.0/toolchain/arm/arm-gnu-toolchain/bin/../lib/gcc/arm-none-eabi/6.3.1/../../../../arm-none-eabi/lib/thumb/v7e-m\libc.a(lib_a-init.o)
__init_array_start                                c:/program files (x86)/atmel/studio/7.0/toolchain/arm/arm-gnu-toolchain/bin/../lib/gcc/arm-none-eabi/6.3.1/../../../../arm-none-eabi/lib/thumb/v7e-m\libc.a(lib_a-init.o)
__libc_fini                                       c:/program files (x86)/atmel/studio/7.0/toolchain/arm/arm-gnu-toolchain/bin/../lib/gcc/arm-none-eabi/6.3.1/../../../../arm-none-eabi/lib/thumb/v7e-m\libc.a(lib_a-__call_atexit.o)
__libc_fini_array                                 c:/program files (x86)/atmel/studio/7.0/toolchain/arm/arm-gnu-toolchain/bin/../lib/gcc/arm-none-eabi/6.3.1/../../../../arm-none-eabi/lib/thumb/v7e-m\libc.a(lib_a-fini.o)
                                                  c:/program files (x86)/atmel/studio/7.0/toolchain/arm/arm-gnu-toolchain/bin/../lib/gcc/arm-none-eabi/6.3.1/../../../../arm-none-eabi/lib/thumb/v7e-m\libc.a(lib_a-__call_atexit.o)
                                                  c:/program files (x86)/atmel/studio/7.0/toolchain/arm/arm-gnu-toolchain/bin/../lib/gcc/arm-none-eabi/6.3.1/../../../../arm-none-eabi/lib/thumb/v7e-m/crt0.o
__libc_init_array                                 c:/program files (x86)/atmel/studio/7.0/toolchain/arm/arm-gnu-toolchain/bin/../lib/gcc/arm-none-eabi/6.3.1/../../../../arm-none-eabi/lib/thumb/v7e-m\libc.a(lib_a-init.o)
                                                  src/ASF/sam/utils/cmsis/sam4l/source/templates/gcc/startup_sam4l.o
                                                  c:/program files (x86)/atmel/studio/7.0/toolchain/arm/arm-gnu-toolchain/bin/../lib/gcc/arm-none-eabi/6.3.1/../../../../arm-none-eabi/lib/thumb/v7e-m/crt0.o
__lock___arc4random_mutex                         c:/program files (x86)/atmel/studio/7.0/toolchain/arm/arm-gnu-toolchain/bin/../lib/gcc/arm-none-eabi/6.3.1/../../../../arm-none-eabi/lib/thumb/v7e-m\libc.a(lib_a-lock.o)
__lock___at_quick_exit_mutex                      c:/program files (x86)/atmel/studio/7.0/toolchain/arm/arm-gnu-toolchain/bin/../lib/gcc/arm-none-eabi/6.3.1/../../../../arm-none-eabi/lib/thumb/v7e-m\libc.a(lib_a-lock.o)
__lock___atexit_recursive_mutex                   c:/program files (x86)/atmel/studio/7.0/toolchain/arm/arm-gnu-toolchain/bin/../lib/gcc/arm-none-eabi/6.3.1/../../../../arm-none-eabi/lib/thumb/v7e-m\libc.a(lib_a-lock.o)
                                                  c:/program files (x86)/atmel/studio/7.0/toolchain/arm/arm-gnu-toolchain/bin/../lib/gcc/arm-none-eabi/6.3.1/../../../../arm-none-eabi/lib/thumb/v7e-m\libc.a(lib_a-__call_atexit.o)
__lock___dd_hash_mutex                            c:/program files (x86)/atmel/studio/7.0/toolchain/arm/arm-gnu-toolchain/bin/../lib/gcc/arm-none-eabi/6.3.1/../../../../arm-none-eabi/lib/thumb/v7e-m\libc.a(lib_a-lock.o)
__lock___env_recursive_mutex                      c:/program files (x86)/atmel/studio/7.0/toolchain/arm/arm-gnu-toolchain/bin/../lib/gcc/arm-none-eabi/6.3.1/../../../../arm-none-eabi/lib/thumb/v7e-m\libc.a(lib_a-lock.o)
__lock___malloc_recursive_mutex                   c:/program files (x86)/atmel/studio/7.0/toolchain/arm/arm-gnu-toolchain/bin/../lib/gcc/arm-none-eabi/6.3.1/../../../../arm-none-eabi/lib/thumb/v7e-m\libc.a(lib_a-lock.o)
__lock___sfp_recursive_mutex                      c:/program files (x86)/atmel/studio/7.0/toolchain/arm/arm-gnu-toolchain/bin/../lib/gcc/arm-none-eabi/6.3.1/../../../../arm-none-eabi/lib/thumb/v7e-m\libc.a(lib_a-lock.o)
__lock___sinit_recursive_mutex                    c:/program files (x86)/atmel/studio/7.0/toolchain/arm/arm-gnu-toolchain/bin/../lib/gcc/arm-none-eabi/6.3.1/../../../../arm-none-eabi/lib/thumb/v7e-m\libc.a(lib_a-lock.o)
__lock___tz_mutex                                 c:/program files (x86)/atmel/studio/7.0/toolchain/arm/arm-gnu-toolchain/bin/../lib/gcc/arm-none-eabi/6.3.1/../../../../arm-none-eabi/lib/thumb/v7e-m\libc.a(lib_a-lock.o)
__preinit_array_end                               c:/program files (x86)/atmel/studio/7.0/toolchain/arm/arm-gnu-toolchain/bin/../lib/gcc/arm-none-eabi/6.3.1/../../../../arm-none-eabi/lib/thumb/v7e-m\libc.a(lib_a-init.o)
__preinit_array_start                             c:/program files (x86)/atmel/studio/7.0/toolchain/arm/arm-gnu-toolchain/bin/../lib/gcc/arm-none-eabi/6.3.1/../../../../arm-none-eabi/lib/thumb/v7e-m\libc.a(lib_a-init.o)
__ram_end__                                       src/ASF/sam/utils/syscalls/gcc/syscalls.o
__register_exitproc                               c:/program files (x86)/atmel/studio/7.0/toolchain/arm/arm-gnu-toolchain/bin/../lib/gcc/arm-none-eabi/6.3.1/../../../../arm-none-eabi/lib/thumb/v7e-m\libc.a(lib_a-__atexit.o)
                                                  c:/program files (x86)/atmel/studio/7.0/toolchain/arm/arm-gnu-toolchain/bin/../lib/gcc/arm-none-eabi/6.3.1/../../../../arm-none-eabi/lib/thumb/v7e-m\libc.a(lib_a-atexit.o)
__register_frame_info                             c:/program files (x86)/atmel/studio/7.0/toolchain/arm/arm-gnu-toolchain/bin/../lib/gcc/arm-none-eabi/6.3.1/thumb/v7e-m/crtbegin.o
__retarget_lock_acquire                           c:/program files (x86)/atmel/studio/7.0/toolchain/arm/arm-gnu-toolchain/bin/../lib/gcc/arm-none-eabi/6.3.1/../../../../arm-none-eabi/lib/thumb/v7e-m\libc.a(lib_a-lock.o)
__retarget_lock_acquire_recursive                 c:/program files (x86)/atmel/studio/7.0/toolchain/arm/arm-gnu-toolchain/bin/../lib/gcc/arm-none-eabi/6.3.1/../../../../arm-none-eabi/lib/thumb/v7e-m\libc.a(lib_a-lock.o)
                                                  c:/program files (x86)/atmel/studio/7.0/toolchain/arm/arm-gnu-toolchain/bin/../lib/gcc/arm-none-eabi/6.3.1/../../../../arm-none-eabi/lib/thumb/v7e-m\libc.a(lib_a-__atexit.o)
                                                  c:/program files (x86)/atmel/studio/7.0/toolchain/arm/arm-gnu-toolchain/bin/../lib/gcc/arm-none-eabi/6.3.1/../../../../arm-none-eabi/lib/thumb/v7e-m\libc.a(lib_a-__call_atexit.o)
__retarget_lock_close                             c:/program files (x86)/atmel/studio/7.0/toolchain/arm/arm-gnu-toolchain/bin/../lib/gcc/arm-none-eabi/6.3.1/../../../../arm-none-eabi/lib/thumb/v7e-m\libc.a(lib_a-lock.o)
__retarget_lock_close_recursive                   c:/program files (x86)/atmel/studio/7.0/toolchain/arm/arm-gnu-toolchain/bin/../lib/gcc/arm-none-eabi/6.3.1/../../../../arm-none-eabi/lib/thumb/v7e-m\libc.a(lib_a-lock.o)
__retarget_lock_init                              c:/program files (x86)/atmel/studio/7.0/toolchain/arm/arm-gnu-toolchain/bin/../lib/gcc/arm-none-eabi/6.3.1/../../../../arm-none-eabi/lib/thumb/v7e-m\libc.a(lib_a-lock.o)
__retarget_lock_init_recursive                    c:/program files (x86)/atmel/studio/7.0/toolchain/arm/arm-gnu-toolchain/bin/../lib/gcc/arm-none-eabi/6.3.1/../../../../arm-none-eabi/lib/thumb/v7e-m\libc.a(lib_a-lock.o)
__retarget_lock_release                           c:/program files (x86)/atmel/studio/7.0/toolchain/arm/arm-gnu-toolchain/bin/../lib/gcc/arm-none-eabi/6.3.1/../../../../arm-none-eabi/lib/thumb/v7e-m\libc.a(lib_a-lock.o)
__retarget_lock_release_recursive                 c:/program files (x86)/atmel/studio/7.0/toolchain/arm/arm-gnu-toolchain/bin/../lib/gcc/arm-none-eabi/6.3.1/../../../../arm-none-eabi/lib/thumb/v7e-m\libc.a(lib_a-lock.o)
                                                  c:/program files (x86)/atmel/studio/7.0/toolchain/arm/arm-gnu-toolchain/bin/../lib/gcc/arm-none-eabi/6.3.1/../../../../arm-none-eabi/lib/thumb/v7e-m\libc.a(lib_a-__atexit.o)
                                                  c:/program files (x86)/atmel/studio/7.0/toolchain/arm/arm-gnu-toolchain/bin/../lib/gcc/arm-none-eabi/6.3.1/../../../../arm-none-eabi/lib/thumb/v7e-m\libc.a(lib_a-__call_atexit.o)
__retarget_lock_try_acquire                       c:/program files (x86)/atmel/studio/7.0/toolchain/arm/arm-gnu-toolchain/bin/../lib/gcc/arm-none-eabi/6.3.1/../../../../arm-none-eabi/lib/thumb/v7e-m\libc.a(lib_a-lock.o)
__retarget_lock_try_acquire_recursive             c:/program files (x86)/atmel/studio/7.0/toolchain/arm/arm-gnu-toolchain/bin/../lib/gcc/arm-none-eabi/6.3.1/../../../../arm-none-eabi/lib/thumb/v7e-m\libc.a(lib_a-lock.o)
__stack                                           c:/program files (x86)/atmel/studio/7.0/toolchain/arm/arm-gnu-toolchain/bin/../lib/gcc/arm-none-eabi/6.3.1/../../../../arm-none-eabi/lib/thumb/v7e-m/crt0.o
_close                                            src/ASF/sam/utils/syscalls/gcc/syscalls.o
_end                                              src/ASF/sam/utils/syscalls/gcc/syscalls.o
_erelocate                                        src/ASF/sam/utils/cmsis/sam4l/source/templates/gcc/startup_sam4l.o
_estack                                           src/ASF/sam/utils/cmsis/sam4l/source/templates/gcc/startup_sam4l.o
_etext                                            src/ASF/sam/utils/cmsis/sam4l/source/templates/gcc/startup_sam4l.o
_exit                                             src/ASF/sam/utils/syscalls/gcc/syscalls.o
                                                  c:/program files (x86)/atmel/studio/7.0/toolchain/arm/arm-gnu-toolchain/bin/../lib/gcc/arm-none-eabi/6.3.1/../../../../arm-none-eabi/lib/thumb/v7e-m\libc.a(lib_a-exit.o)
_ezero                                            src/ASF/sam/utils/cmsis/sam4l/source/templates/gcc/startup_sam4l.o
_fini                                             c:/program files (x86)/atmel/studio/7.0/toolchain/arm/arm-gnu-toolchain/bin/../lib/gcc/arm-none-eabi/6.3.1/thumb/v7e-m/crti.o
                                                  c:/program files (x86)/atmel/studio/7.0/toolchain/arm/arm-gnu-toolchain/bin/../lib/gcc/arm-none-eabi/6.3.1/../../../../arm-none-eabi/lib/thumb/v7e-m\libc.a(lib_a-fini.o)
_fstat                                            src/ASF/sam/utils/syscalls/gcc/syscalls.o
_getpid                                           src/ASF/sam/utils/syscalls/gcc/syscalls.o
_global_impure_ptr                                c:/program files (x86)/atmel/studio/7.0/toolchain/arm/arm-gnu-toolchain/bin/../lib/gcc/arm-none-eabi/6.3.1/../../../../arm-none-eabi/lib/thumb/v7e-m\libc.a(lib_a-impure.o)
                                                  c:/program files (x86)/atmel/studio/7.0/toolchain/arm/arm-gnu-toolchain/bin/../lib/gcc/arm-none-eabi/6.3.1/../../../../arm-none-eabi/lib/thumb/v7e-m\libc.a(lib_a-__atexit.o)
                                                  c:/program files (x86)/atmel/studio/7.0/toolchain/arm/arm-gnu-toolchain/bin/../lib/gcc/arm-none-eabi/6.3.1/../../../../arm-none-eabi/lib/thumb/v7e-m\libc.a(lib_a-__call_atexit.o)
                                                  c:/program files (x86)/atmel/studio/7.0/toolchain/arm/arm-gnu-toolchain/bin/../lib/gcc/arm-none-eabi/6.3.1/../../../../arm-none-eabi/lib/thumb/v7e-m\libc.a(lib_a-exit.o)
_impure_ptr                                       c:/program files (x86)/atmel/studio/7.0/toolchain/arm/arm-gnu-toolchain/bin/../lib/gcc/arm-none-eabi/6.3.1/../../../../arm-none-eabi/lib/thumb/v7e-m\libc.a(lib_a-impure.o)
_init                                             c:/program files (x86)/atmel/studio/7.0/toolchain/arm/arm-gnu-toolchain/bin/../lib/gcc/arm-none-eabi/6.3.1/thumb/v7e-m/crti.o
                                                  c:/program files (x86)/atmel/studio/7.0/toolchain/arm/arm-gnu-toolchain/bin/../lib/gcc/arm-none-eabi/6.3.1/../../../../arm-none-eabi/lib/thumb/v7e-m\libc.a(lib_a-init.o)
_isatty                                           src/ASF/sam/utils/syscalls/gcc/syscalls.o
_kill                                             src/ASF/sam/utils/syscalls/gcc/syscalls.o
_lseek                                            src/ASF/sam/utils/syscalls/gcc/syscalls.o
_mainCRTStartup                                   c:/program files (x86)/atmel/studio/7.0/toolchain/arm/arm-gnu-toolchain/bin/../lib/gcc/arm-none-eabi/6.3.1/../../../../arm-none-eabi/lib/thumb/v7e-m/crt0.o
_sbrk                                             src/ASF/sam/utils/syscalls/gcc/syscalls.o
_sfixed                                           src/ASF/sam/utils/cmsis/sam4l/source/templates/gcc/startup_sam4l.o
_srelocate                                        src/ASF/sam/utils/cmsis/sam4l/source/templates/gcc/startup_sam4l.o
_start                                            c:/program files (x86)/atmel/studio/7.0/toolchain/arm/arm-gnu-toolchain/bin/../lib/gcc/arm-none-eabi/6.3.1/../../../../arm-none-eabi/lib/thumb/v7e-m/crt0.o
_szero                                            src/ASF/sam/utils/cmsis/sam4l/source/templates/gcc/startup_sam4l.o
ast_callback_pointer                              src/ASF/sam/drivers/ast/ast.o
ast_clear_interrupt_flag                          src/ASF/sam/drivers/ast/ast.o
ast_clear_prescalar                               src/ASF/sam/drivers/ast/ast.o
ast_configure_digital_tuner                       src/ASF/sam/drivers/ast/ast.o
ast_disable                                       src/ASF/sam/drivers/ast/ast.o
ast_disable_digital_tuner                         src/ASF/sam/drivers/ast/ast.o
ast_disable_event                                 src/ASF/sam/drivers/ast/ast.o
ast_disable_interrupt                             src/ASF/sam/drivers/ast/ast.o
ast_disable_wakeup                                src/ASF/sam/drivers/ast/ast.o
ast_enable                                        src/ASF/sam/drivers/ast/ast.o
ast_enable_counter_clear_on_alarm                 src/ASF/sam/drivers/ast/ast.o
ast_enable_event                                  src/ASF/sam/drivers/ast/ast.o
ast_enable_interrupt                              src/ASF/sam/drivers/ast/ast.o
ast_enable_wakeup                                 src/ASF/sam/drivers/ast/ast.o
ast_init_digital_tuner                            src/ASF/sam/drivers/ast/ast.o
ast_is_enabled                                    src/ASF/sam/drivers/ast/ast.o
ast_read_calendar_value                           src/ASF/sam/drivers/ast/ast.o
ast_set_callback                                  src/ASF/sam/drivers/ast/ast.o
ast_set_config                                    src/ASF/sam/drivers/ast/ast.o
ast_write_alarm0_value                            src/ASF/sam/drivers/ast/ast.o
ast_write_calendar_value                          src/ASF/sam/drivers/ast/ast.o
ast_write_counter_value                           src/ASF/sam/drivers/ast/ast.o
ast_write_periodic0_value                         src/ASF/sam/drivers/ast/ast.o
atexit                                            c:/program files (x86)/atmel/studio/7.0/toolchain/arm/arm-gnu-toolchain/bin/../lib/gcc/arm-none-eabi/6.3.1/../../../../arm-none-eabi/lib/thumb/v7e-m\libc.a(lib_a-atexit.o)
                                                  c:/program files (x86)/atmel/studio/7.0/toolchain/arm/arm-gnu-toolchain/bin/../lib/gcc/arm-none-eabi/6.3.1/../../../../arm-none-eabi/lib/thumb/v7e-m\libc.a(lib_a-__call_atexit.o)
                                                  c:/program files (x86)/atmel/studio/7.0/toolchain/arm/arm-gnu-toolchain/bin/../lib/gcc/arm-none-eabi/6.3.1/../../../../arm-none-eabi/lib/thumb/v7e-m/crt0.o
board_init                                        src/ASF/common/boards/user_board/init.o
                                                  src/main.o
bpm_clear_interrupt                               src/ASF/sam/drivers/bpm/bpm.o
bpm_disable_backup_pin                            src/ASF/sam/drivers/bpm/bpm.o
bpm_disable_fast_wakeup                           src/ASF/sam/drivers/bpm/bpm.o
bpm_disable_interrupt                             src/ASF/sam/drivers/bpm/bpm.o
bpm_disable_io_retention                          src/ASF/sam/drivers/bpm/bpm.o
bpm_disable_wakeup_source                         src/ASF/sam/drivers/bpm/bpm.o
bpm_enable_backup_pin                             src/ASF/sam/drivers/bpm/bpm.o
bpm_enable_fast_wakeup                            src/ASF/sam/drivers/bpm/bpm.o
bpm_enable_interrupt                              src/ASF/sam/drivers/bpm/bpm.o
bpm_enable_io_retention                           src/ASF/sam/drivers/bpm/bpm.o
bpm_enable_wakeup_source                          src/ASF/sam/drivers/bpm/bpm.o
bpm_get_backup_wakeup_cause                       src/ASF/sam/drivers/bpm/bpm.o
bpm_get_interrupt_mask                            src/ASF/sam/drivers/bpm/bpm.o
bpm_get_interrupt_status                          src/ASF/sam/drivers/bpm/bpm.o
bpm_get_status                                    src/ASF/sam/drivers/bpm/bpm.o
                                                  src/ASF/common/services/clock/sam4l/sysclk.o
bpm_get_version                                   src/ASF/sam/drivers/bpm/bpm.o
bpm_power_scaling_cpu                             src/ASF/sam/drivers/bpm/bpm.o
bpm_power_scaling_cpu_failsafe                    src/ASF/sam/drivers/bpm/bpm.o
                                                  src/ASF/common/services/clock/sam4l/sysclk.o
bpm_ps_no_halt_exec                               src/ASF/sam/drivers/bpm/bpm.o
bpm_set_clk32_source                              src/ASF/sam/drivers/bpm/bpm.o
bpm_sleep                                         src/ASF/sam/drivers/bpm/bpm.o
cpu_irq_enter_critical                            src/ASF/common/utils/interrupt/interrupt_sam_nvic.o
cpu_irq_leave_critical                            src/ASF/common/utils/interrupt/interrupt_sam_nvic.o
dfll_disable_closed_loop                          src/ASF/common/services/clock/sam4l/dfll.o
dfll_disable_open_loop                            src/ASF/common/services/clock/sam4l/dfll.o
dfll_enable_closed_loop                           src/ASF/common/services/clock/sam4l/dfll.o
dfll_enable_config_defaults                       src/ASF/common/services/clock/sam4l/dfll.o
dfll_enable_open_loop                             src/ASF/common/services/clock/sam4l/dfll.o
exception_table                                   src/ASF/sam/utils/cmsis/sam4l/source/templates/gcc/startup_sam4l.o
exit                                              c:/program files (x86)/atmel/studio/7.0/toolchain/arm/arm-gnu-toolchain/bin/../lib/gcc/arm-none-eabi/6.3.1/../../../../arm-none-eabi/lib/thumb/v7e-m\libc.a(lib_a-exit.o)
                                                  c:/program files (x86)/atmel/studio/7.0/toolchain/arm/arm-gnu-toolchain/bin/../lib/gcc/arm-none-eabi/6.3.1/../../../../arm-none-eabi/lib/thumb/v7e-m/crt0.o
flashcalw_clear_page_buffer                       src/ASF/sam/drivers/flashcalw/flashcalw.o
flashcalw_default_wait_until_ready                src/ASF/sam/drivers/flashcalw/flashcalw.o
flashcalw_enable_lock_error_int                   src/ASF/sam/drivers/flashcalw/flashcalw.o
flashcalw_enable_prog_error_int                   src/ASF/sam/drivers/flashcalw/flashcalw.o
flashcalw_enable_ready_int                        src/ASF/sam/drivers/flashcalw/flashcalw.o
flashcalw_erase_all                               src/ASF/sam/drivers/flashcalw/flashcalw.o
flashcalw_erase_all_gp_fuses                      src/ASF/sam/drivers/flashcalw/flashcalw.o
flashcalw_erase_all_pages                         src/ASF/sam/drivers/flashcalw/flashcalw.o
flashcalw_erase_gp_fuse_bit                       src/ASF/sam/drivers/flashcalw/flashcalw.o
flashcalw_erase_gp_fuse_bitfield                  src/ASF/sam/drivers/flashcalw/flashcalw.o
flashcalw_erase_gp_fuse_byte                      src/ASF/sam/drivers/flashcalw/flashcalw.o
flashcalw_erase_page                              src/ASF/sam/drivers/flashcalw/flashcalw.o
flashcalw_erase_user_page                         src/ASF/sam/drivers/flashcalw/flashcalw.o
flashcalw_get_command                             src/ASF/sam/drivers/flashcalw/flashcalw.o
flashcalw_get_flash_size                          src/ASF/sam/drivers/flashcalw/flashcalw.o
flashcalw_get_page_count                          src/ASF/sam/drivers/flashcalw/flashcalw.o
flashcalw_get_page_count_per_region               src/ASF/sam/drivers/flashcalw/flashcalw.o
flashcalw_get_page_number                         src/ASF/sam/drivers/flashcalw/flashcalw.o
flashcalw_get_page_region                         src/ASF/sam/drivers/flashcalw/flashcalw.o
flashcalw_get_region_first_page_number            src/ASF/sam/drivers/flashcalw/flashcalw.o
flashcalw_get_wait_state                          src/ASF/sam/drivers/flashcalw/flashcalw.o
flashcalw_is_lock_error                           src/ASF/sam/drivers/flashcalw/flashcalw.o
flashcalw_is_lock_error_int_enabled               src/ASF/sam/drivers/flashcalw/flashcalw.o
flashcalw_is_page_erased                          src/ASF/sam/drivers/flashcalw/flashcalw.o
flashcalw_is_page_region_locked                   src/ASF/sam/drivers/flashcalw/flashcalw.o
flashcalw_is_prog_error_int_enabled               src/ASF/sam/drivers/flashcalw/flashcalw.o
flashcalw_is_programming_error                    src/ASF/sam/drivers/flashcalw/flashcalw.o
flashcalw_is_ready                                src/ASF/sam/drivers/flashcalw/flashcalw.o
flashcalw_is_ready_int_enabled                    src/ASF/sam/drivers/flashcalw/flashcalw.o
flashcalw_is_region_locked                        src/ASF/sam/drivers/flashcalw/flashcalw.o
flashcalw_is_security_bit_active                  src/ASF/sam/drivers/flashcalw/flashcalw.o
flashcalw_issue_command                           src/ASF/sam/drivers/flashcalw/flashcalw.o
flashcalw_lock_all_regions                        src/ASF/sam/drivers/flashcalw/flashcalw.o
flashcalw_lock_page_region                        src/ASF/sam/drivers/flashcalw/flashcalw.o
flashcalw_lock_region                             src/ASF/sam/drivers/flashcalw/flashcalw.o
flashcalw_memcpy                                  src/ASF/sam/drivers/flashcalw/flashcalw.o
flashcalw_memset16                                src/ASF/sam/drivers/flashcalw/flashcalw.o
flashcalw_memset32                                src/ASF/sam/drivers/flashcalw/flashcalw.o
flashcalw_memset64                                src/ASF/sam/drivers/flashcalw/flashcalw.o
flashcalw_memset8                                 src/ASF/sam/drivers/flashcalw/flashcalw.o
flashcalw_no_operation                            src/ASF/sam/drivers/flashcalw/flashcalw.o
flashcalw_picocache_disable                       src/ASF/sam/drivers/flashcalw/flashcalw.o
flashcalw_picocache_disable_monitor               src/ASF/sam/drivers/flashcalw/flashcalw.o
flashcalw_picocache_enable                        src/ASF/sam/drivers/flashcalw/flashcalw.o
flashcalw_picocache_enable_monitor                src/ASF/sam/drivers/flashcalw/flashcalw.o
flashcalw_picocache_get_monitor_cnt               src/ASF/sam/drivers/flashcalw/flashcalw.o
flashcalw_picocache_get_status                    src/ASF/sam/drivers/flashcalw/flashcalw.o
flashcalw_picocache_get_version                   src/ASF/sam/drivers/flashcalw/flashcalw.o
flashcalw_picocache_invalid_all                   src/ASF/sam/drivers/flashcalw/flashcalw.o
flashcalw_picocache_invalid_line                  src/ASF/sam/drivers/flashcalw/flashcalw.o
flashcalw_picocache_reset_monitor                 src/ASF/sam/drivers/flashcalw/flashcalw.o
flashcalw_picocache_set_monitor_mode              src/ASF/sam/drivers/flashcalw/flashcalw.o
flashcalw_quick_page_read                         src/ASF/sam/drivers/flashcalw/flashcalw.o
flashcalw_quick_user_page_read                    src/ASF/sam/drivers/flashcalw/flashcalw.o
flashcalw_read_all_gp_fuses                       src/ASF/sam/drivers/flashcalw/flashcalw.o
flashcalw_read_gp_fuse_bit                        src/ASF/sam/drivers/flashcalw/flashcalw.o
flashcalw_read_gp_fuse_bitfield                   src/ASF/sam/drivers/flashcalw/flashcalw.o
flashcalw_read_gp_fuse_byte                       src/ASF/sam/drivers/flashcalw/flashcalw.o
flashcalw_set_all_gp_fuses                        src/ASF/sam/drivers/flashcalw/flashcalw.o
flashcalw_set_flash_waitstate_and_readmode        src/ASF/sam/drivers/flashcalw/flashcalw.o
flashcalw_set_gp_fuse_bit                         src/ASF/sam/drivers/flashcalw/flashcalw.o
flashcalw_set_gp_fuse_bitfield                    src/ASF/sam/drivers/flashcalw/flashcalw.o
flashcalw_set_gp_fuse_byte                        src/ASF/sam/drivers/flashcalw/flashcalw.o
flashcalw_set_security_bit                        src/ASF/sam/drivers/flashcalw/flashcalw.o
flashcalw_set_wait_state                          src/ASF/sam/drivers/flashcalw/flashcalw.o
flashcalw_wait_until_ready                        src/ASF/sam/drivers/flashcalw/flashcalw.o
flashcalw_write_all_gp_fuses                      src/ASF/sam/drivers/flashcalw/flashcalw.o
flashcalw_write_gp_fuse_bit                       src/ASF/sam/drivers/flashcalw/flashcalw.o
flashcalw_write_gp_fuse_bitfield                  src/ASF/sam/drivers/flashcalw/flashcalw.o
flashcalw_write_gp_fuse_byte                      src/ASF/sam/drivers/flashcalw/flashcalw.o
flashcalw_write_page                              src/ASF/sam/drivers/flashcalw/flashcalw.o
flashcalw_write_user_page                         src/ASF/sam/drivers/flashcalw/flashcalw.o
free                                              c:/program files (x86)/atmel/studio/7.0/toolchain/arm/arm-gnu-toolchain/bin/../lib/gcc/arm-none-eabi/6.3.1/../../../../arm-none-eabi/lib/thumb/v7e-m\libc.a(lib_a-__call_atexit.o)
g_interrupt_enabled                               src/ASF/common/utils/interrupt/interrupt_sam_nvic.o
                                                  src/ASF/sam/drivers/bpm/bpm.o
                                                  src/ASF/sam/drivers/ast/ast.o
                                                  src/ASF/common/services/clock/sam4l/sysclk.o
                                                  src/ASF/common/services/clock/sam4l/pll.o
                                                  src/ASF/common/services/clock/sam4l/osc.o
                                                  src/ASF/common/services/clock/sam4l/dfll.o
gpio_set_pin_callback                             src/ASF/sam/drivers/gpio/gpio.o
hardware_init_hook                                c:/program files (x86)/atmel/studio/7.0/toolchain/arm/arm-gnu-toolchain/bin/../lib/gcc/arm-none-eabi/6.3.1/../../../../arm-none-eabi/lib/thumb/v7e-m/crt0.o
link                                              src/ASF/sam/utils/syscalls/gcc/syscalls.o
main                                              src/main.o
                                                  src/ASF/sam/utils/cmsis/sam4l/source/templates/gcc/startup_sam4l.o
                                                  c:/program files (x86)/atmel/studio/7.0/toolchain/arm/arm-gnu-toolchain/bin/../lib/gcc/arm-none-eabi/6.3.1/../../../../arm-none-eabi/lib/thumb/v7e-m/crt0.o
malloc                                            c:/program files (x86)/atmel/studio/7.0/toolchain/arm/arm-gnu-toolchain/bin/../lib/gcc/arm-none-eabi/6.3.1/../../../../arm-none-eabi/lib/thumb/v7e-m\libc.a(lib_a-__atexit.o)
memset                                            c:/program files (x86)/atmel/studio/7.0/toolchain/arm/arm-gnu-toolchain/bin/../lib/gcc/arm-none-eabi/6.3.1/../../../../arm-none-eabi/lib/thumb/v7e-m\libc.a(lib_a-memset.o)
                                                  src/ASF/sam/drivers/flashcalw/flashcalw.o
                                                  c:/program files (x86)/atmel/studio/7.0/toolchain/arm/arm-gnu-toolchain/bin/../lib/gcc/arm-none-eabi/6.3.1/../../../../arm-none-eabi/lib/thumb/v7e-m/crt0.o
osc_priv_disable_osc0                             src/ASF/common/services/clock/sam4l/osc.o
osc_priv_disable_osc32                            src/ASF/common/services/clock/sam4l/osc.o
osc_priv_disable_rc1m                             src/ASF/common/services/clock/sam4l/osc.o
osc_priv_disable_rc32k                            src/ASF/common/services/clock/sam4l/osc.o
osc_priv_disable_rc80m                            src/ASF/common/services/clock/sam4l/osc.o
osc_priv_disable_rcfast                           src/ASF/common/services/clock/sam4l/osc.o
osc_priv_enable_osc0                              src/ASF/common/services/clock/sam4l/osc.o
                                                  src/ASF/common/services/clock/sam4l/sysclk.o
osc_priv_enable_osc32                             src/ASF/common/services/clock/sam4l/osc.o
osc_priv_enable_rc1m                              src/ASF/common/services/clock/sam4l/osc.o
osc_priv_enable_rc32k                             src/ASF/common/services/clock/sam4l/osc.o
osc_priv_enable_rc80m                             src/ASF/common/services/clock/sam4l/osc.o
osc_priv_enable_rcfast                            src/ASF/common/services/clock/sam4l/osc.o
pll_config_write                                  src/ASF/common/services/clock/sam4l/pll.o
pll_disable                                       src/ASF/common/services/clock/sam4l/pll.o
pll_enable                                        src/ASF/common/services/clock/sam4l/pll.o
                                                  src/ASF/common/services/clock/sam4l/sysclk.o
portable_delay_cycles                             src/ASF/common/services/delay/sam/cycle_counter.o
sleepmgr_locks                                    src/ASF/common/services/sleepmgr/sam4l/sleepmgr.o
                                                  src/ASF/sam/drivers/ast/ast.o
software_init_hook                                c:/program files (x86)/atmel/studio/7.0/toolchain/arm/arm-gnu-toolchain/bin/../lib/gcc/arm-none-eabi/6.3.1/../../../../arm-none-eabi/lib/thumb/v7e-m/crt0.o
sysclk_disable_pba_module                         src/ASF/common/services/clock/sam4l/sysclk.o
sysclk_disable_pbb_module                         src/ASF/common/services/clock/sam4l/sysclk.o
sysclk_disable_peripheral_clock                   src/ASF/common/services/clock/sam4l/sysclk.o
                                                  src/ASF/sam/drivers/flashcalw/flashcalw.o
                                                  src/ASF/sam/drivers/ast/ast.o
sysclk_disable_usb                                src/ASF/common/services/clock/sam4l/sysclk.o
sysclk_enable_pba_module                          src/ASF/common/services/clock/sam4l/sysclk.o
sysclk_enable_pbb_module                          src/ASF/common/services/clock/sam4l/sysclk.o
sysclk_enable_peripheral_clock                    src/ASF/common/services/clock/sam4l/sysclk.o
                                                  src/main.o
                                                  src/ASF/sam/drivers/flashcalw/flashcalw.o
                                                  src/ASF/sam/drivers/ast/ast.o
sysclk_enable_usb                                 src/ASF/common/services/clock/sam4l/sysclk.o
sysclk_get_peripheral_bus_hz                      src/ASF/common/services/clock/sam4l/sysclk.o
sysclk_init                                       src/ASF/common/services/clock/sam4l/sysclk.o
sysclk_priv_disable_module                        src/ASF/common/services/clock/sam4l/sysclk.o
sysclk_priv_enable_module                         src/ASF/common/services/clock/sam4l/sysclk.o
sysclk_set_prescalers                             src/ASF/common/services/clock/sam4l/sysclk.o
sysclk_set_source                                 src/ASF/common/services/clock/sam4l/sysclk.o
